[    0.994980] Booting Linux on physical CPU 0x0000000000 [0x412fd050]
[    0.994998] Linux version 5.10.198 (lhh2024@dcztl) (aarch64-none-linux-gnu-gcc (GNU Toolchain for the A-profile Architecture 10.3-2021.07 (arm-10.29)) 10.3.1 20210621, GNU ld (GNU Toolchain for the A-profile Architecture 10.3-2021.07 (arm-10.29)) 2.36.1.20210621) #210 SMP Tue Feb 25 11:15:03 CST 2025
[    1.004911] Machine model: ztl, A588 Firefly roc-rk3399-pc PLUS
[    1.041350] earlycon: uart8250 at MMIO32 0x00000000feb50000 (options '')
[    1.045434] printk: bootconsole [uart8250] enabled
[    1.048012] efi: UEFI not found.
[    1.053513] OF: fdt: Reserved memory: failed to reserve memory for node 'drm-cubic-lut@00000000': base 0x0000000000000000, size 0 MiB
[    1.054644] Reserved memory: created CMA memory pool at 0x00000002ff800000, size 8 MiB
[    1.055354] OF: reserved mem: initialized node cma, compatible id shared-dma-pool
[    1.170349] Zone ranges:
[    1.170584]   DMA      [mem 0x0000000000200000-0x00000000ffffffff]
[    1.171144]   DMA32    empty
[    1.171408]   Normal   [mem 0x0000000100000000-0x00000002ffffffff]
[    1.171965] Movable zone start for each node
[    1.172349] Early memory node ranges
[    1.172672]   node   0: [mem 0x0000000000200000-0x00000000083fffff]
[    1.173237]   node   0: [mem 0x0000000009400000-0x00000000efffffff]
[    1.173806]   node   0: [mem 0x0000000100000000-0x00000001ffffffff]
[    1.174372]   node   0: [mem 0x00000002f0000000-0x00000002ffffffff]
[    1.174939] Initmem setup node 0 [mem 0x0000000000200000-0x00000002ffffffff]
[    1.175577] On node 0 totalpages: 2092544
[    1.175581]   DMA zone: 15288 pages used for memmap
[    1.175583]   DMA zone: 0 pages reserved
[    1.175587]   DMA zone: 978432 pages, LIFO batch:63
[    1.175590]   Normal zone: 17408 pages used for memmap
[    1.175592]   Normal zone: 1114112 pages, LIFO batch:63
[    1.220984] psci: probing for conduit method from DT.
[    1.221446] psci: PSCIv1.1 detected in firmware.
[    1.221864] psci: Using standard PSCI v0.2 function IDs
[    1.222337] psci: Trusted OS migration not required
[    1.222777] psci: SMC Calling Convention v1.2
[    1.223509] percpu: Embedded 30 pages/cpu s83864 r8192 d30824 u122880
[    1.224129] pcpu-alloc: s83864 r8192 d30824 u122880 alloc=30*4096
[    1.224135] pcpu-alloc: [0] 0 [0] 1 [0] 2 [0] 3 [0] 4 [0] 5 [0] 6 [0] 7 
[    1.224256] Detected VIPT I-cache on CPU0
[    1.224649] CPU features: detected: GIC system register CPU interface
[    1.225229] CPU features: detected: Virtualization Host Extensions
[    1.225789] CPU features: detected: ARM errata 1165522, 1319367, or 1530923
[    1.226428] alternatives: patching kernel code
[    1.228396] Built 1 zonelists, mobility grouping on.  Total pages: 2059848
[    1.229020] Kernel command line: storagemedia=emmc androidboot.storagemedia=emmc androidboot.mode=normal  androidboot.verifiedbootstate=orange androidboot.serialno=697ba025ffb7c7fb  rw rootwait earlycon=uart8250,mmio32,0xfeb50000 console=ttyFIQ0 irqchip.gicv3_pseudo_nmi=0 root=PARTUUID=614e0000-0000 rcupdate.rcu_expedited=1 rcu_nocbs=all
[    1.232612] Dentry cache hash table entries: 1048576 (order: 11, 8388608 bytes, linear)
[    1.233699] Inode-cache hash table entries: 524288 (order: 10, 4194304 bytes, linear)
[    1.234405] mem auto-init: stack:off, heap alloc:off, heap free:off
[    1.240883] software IO TLB: mapped [mem 0x00000000e9f00000-0x00000000edf00000] (64MB)
[    1.295314] Memory: 8095808K/8370176K available (19136K kernel code, 3552K rwdata, 7032K rodata, 6848K init, 597K bss, 266176K reserved, 8192K cma-reserved)
[    1.296677] SLUB: HWalign=64, Order=0-3, MinObjects=0, CPUs=8, Nodes=1
[    1.297292] ftrace: allocating 58676 entries in 230 pages
[    1.367352] ftrace: allocated 230 pages with 5 groups
[    1.368021] rcu: Hierarchical RCU implementation.
[    1.368450] rcu: 	RCU event tracing is enabled.
[    1.368859] rcu: 	RCU dyntick-idle grace-period acceleration is enabled.
[    1.369461] 	All grace periods are expedited (rcu_expedited).
[    1.369980] 	Rude variant of Tasks RCU enabled.
[    1.370391] rcu: RCU calculated value of scheduler-enlistment delay is 30 jiffies.
[    1.374850] NR_IRQS: 64, nr_irqs: 64, preallocated irqs: 0
[    1.377779] GICv3: GIC: Using split EOI/Deactivate mode
[    1.378251] GICv3: 480 SPIs implemented
[    1.378596] GICv3: 0 Extended SPIs implemented
[    1.379018] GICv3: Distributor has no Range Selector support
[    1.379532] GICv3: 16 PPIs implemented
[    1.379910] GICv3: CPU0: found redistributor 0 region 0:0x00000000fe680000
[    1.380613] ITS [mem 0xfe640000-0xfe65ffff]
[    1.381031] ITS@0x00000000fe640000: allocated 8192 Devices @1001f0000 (indirect, esz 8, psz 64K, shr 0)
[    1.381896] ITS@0x00000000fe640000: allocated 32768 Interrupt Collections @100200000 (flat, esz 2, psz 64K, shr 0)
[    1.382830] ITS: using cache flushing for cmd queue
[    1.383293] ITS [mem 0xfe660000-0xfe67ffff]
[    1.383706] ITS@0x00000000fe660000: allocated 8192 Devices @100220000 (indirect, esz 8, psz 64K, shr 0)
[    1.384569] ITS@0x00000000fe660000: allocated 32768 Interrupt Collections @100230000 (flat, esz 2, psz 64K, shr 0)
[    1.385502] ITS: using cache flushing for cmd queue
[    1.386147] GICv3: using LPI property table @0x0000000100240000
[    1.386784] GIC: using cache flushing for LPI property table
[    1.387297] GICv3: CPU0: using allocated LPI pending table @0x0000000100250000
[    1.387986] rcu: 	Offload RCU callbacks from CPUs: 0-7.
[    1.493226] arch_timer: cp15 timer(s) running at 24.00MHz (phys).
[    1.493781] clocksource: arch_sys_counter: mask: 0xffffffffffffff max_cycles: 0x588fe9dc0, max_idle_ns: 440795202592 ns
[    1.494757] sched_clock: 56 bits at 24MHz, resolution 41ns, wraps every 4398046511097ns
[    1.496672] Console: colour dummy device 80x25
[    1.497102] Calibrating delay loop (skipped), value calculated using timer frequency.. 48.00 BogoMIPS (lpj=80000)
[    1.498031] pid_max: default: 32768 minimum: 301
[    1.498554] Mount-cache hash table entries: 16384 (order: 5, 131072 bytes, linear)
[    1.499257] Mountpoint-cache hash table entries: 16384 (order: 5, 131072 bytes, linear)
[    1.501252] rcu: Hierarchical SRCU implementation.
[    1.502408] Platform MSI: msi-controller@fe640000 domain created
[    1.502960] Platform MSI: msi-controller@fe660000 domain created
[    1.503826] PCI/MSI: /interrupt-controller@fe600000/msi-controller@fe640000 domain created
[    1.504582] PCI/MSI: /interrupt-controller@fe600000/msi-controller@fe660000 domain created
[    1.505508] EFI services will not be available.
[    1.506187] smp: Bringing up secondary CPUs ...
[    1.507749] Detected VIPT I-cache on CPU1
[    1.507774] GICv3: CPU1: found redistributor 100 region 0:0x00000000fe6a0000
[    1.507789] GICv3: CPU1: using allocated LPI pending table @0x0000000100260000
[    1.507825] CPU1: Booted secondary processor 0x0000000100 [0x412fd050]
[    1.509004] Detected VIPT I-cache on CPU2
[    1.509024] GICv3: CPU2: found redistributor 200 region 0:0x00000000fe6c0000
[    1.509038] GICv3: CPU2: using allocated LPI pending table @0x0000000100270000
[    1.509072] CPU2: Booted secondary processor 0x0000000200 [0x412fd050]
[    1.510240] Detected VIPT I-cache on CPU3
[    1.510257] GICv3: CPU3: found redistributor 300 region 0:0x00000000fe6e0000
[    1.510270] GICv3: CPU3: using allocated LPI pending table @0x0000000100280000
[    1.510301] CPU3: Booted secondary processor 0x0000000300 [0x412fd050]
[    1.511506] CPU features: detected: Spectre-v4
[    1.511508] CPU features: detected: Spectre-BHB
[    1.511510] Detected PIPT I-cache on CPU4
[    1.511520] GICv3: CPU4: found redistributor 400 region 0:0x00000000fe700000
[    1.511528] GICv3: CPU4: using allocated LPI pending table @0x0000000100290000
[    1.511549] CPU4: Booted secondary processor 0x0000000400 [0x414fd0b0]
[    1.512674] Detected PIPT I-cache on CPU5
[    1.512686] GICv3: CPU5: found redistributor 500 region 0:0x00000000fe720000
[    1.512693] GICv3: CPU5: using allocated LPI pending table @0x00000001002a0000
[    1.512714] CPU5: Booted secondary processor 0x0000000500 [0x414fd0b0]
[    1.513833] Detected PIPT I-cache on CPU6
[    1.513843] GICv3: CPU6: found redistributor 600 region 0:0x00000000fe740000
[    1.513851] GICv3: CPU6: using allocated LPI pending table @0x00000001002b0000
[    1.513872] CPU6: Booted secondary processor 0x0000000600 [0x414fd0b0]
[    1.515009] Detected PIPT I-cache on CPU7
[    1.515019] GICv3: CPU7: found redistributor 700 region 0:0x00000000fe760000
[    1.515027] GICv3: CPU7: using allocated LPI pending table @0x00000001002c0000
[    1.515048] CPU7: Booted secondary processor 0x0000000700 [0x414fd0b0]
[    1.515094] smp: Brought up 1 node, 8 CPUs
[    1.531859] SMP: Total of 8 processors activated.
[    1.532289] CPU features: detected: Privileged Access Never
[    1.532790] CPU features: detected: LSE atomic instructions
[    1.533293] CPU features: detected: User Access Override
[    1.533772] CPU features: detected: 32-bit EL0 Support
[    1.534235] CPU features: detected: Common not Private translations
[    1.534797] CPU features: detected: RAS Extension Support
[    1.535283] CPU features: detected: Data cache clean to the PoU not required for I/D coherence
[    1.536062] CPU features: detected: CRC32 instructions
[    1.536526] CPU features: detected: Speculative Store Bypassing Safe (SSBS)
[    1.537151] CPU features: detected: RCpc load-acquire (LDAPR)
[    1.561060] CPU: All CPU(s) started at EL2
[    1.563119] devtmpfs: initialized
[    1.573100] Registered cp15_barrier emulation handler
[    1.573559] Registered setend emulation handler
[    1.574019] clocksource: jiffies: mask: 0xffffffff max_cycles: 0xffffffff, max_idle_ns: 6370867519511994 ns
[    1.574898] futex hash table entries: 2048 (order: 5, 131072 bytes, linear)
[    1.575651] pinctrl core: initialized pinctrl subsystem
[    1.576288] DMI not present or invalid.
[    1.576792] NET: Registered protocol family 16
[    1.577900] DMA: preallocated 1024 KiB GFP_KERNEL pool for atomic allocations
[    1.578588] DMA: preallocated 1024 KiB GFP_KERNEL|GFP_DMA pool for atomic allocations
[    1.579619] Registered FIQ tty driver
[    1.580040] thermal_sys: Registered thermal governor 'fair_share'
[    1.580041] thermal_sys: Registered thermal governor 'step_wise'
[    1.580587] thermal_sys: Registered thermal governor 'user_space'
[    1.581126] thermal_sys: Registered thermal governor 'power_allocator'
[    1.581771] thermal thermal_zone1: power_allocator: sustainable_power will be estimated
[    1.583096] thermal thermal_zone2: power_allocator: sustainable_power will be estimated
[    1.583831] thermal thermal_zone3: power_allocator: sustainable_power will be estimated
[    1.584566] thermal thermal_zone4: power_allocator: sustainable_power will be estimated
[    1.585300] thermal thermal_zone5: power_allocator: sustainable_power will be estimated
[    1.586033] thermal thermal_zone6: power_allocator: sustainable_power will be estimated
[    1.586764] cpuidle: using governor menu
[    1.587185] hw-breakpoint: found 6 breakpoint and 4 watchpoint registers.
[    1.587872] ASID allocator initialised with 65536 entries
[    1.589470] ramoops: dmesg-0	0x18000@0x0000000000110000
[    1.589940] ramoops: dmesg-1	0x18000@0x0000000000128000
[    1.590425] ramoops: console	0x80000@0x0000000000140000
[    1.590897] ramoops: pmsg	0x30000@0x00000000001c0000
[    1.591550] printk: console [ramoops-1] enabled
[    1.591957] pstore: Registered ramoops as persistent store backend
[    1.592514] ramoops: using 0xe0000@0x110000, ecc: 0
[    1.623857] rockchip-gpio fd8a0000.gpio: probed /pinctrl/gpio@fd8a0000
[    1.624571] rockchip-gpio fec20000.gpio: probed /pinctrl/gpio@fec20000
[    1.625272] rockchip-gpio fec30000.gpio: probed /pinctrl/gpio@fec30000
[    1.625980] rockchip-gpio fec40000.gpio: probed /pinctrl/gpio@fec40000
[    1.626692] rockchip-gpio fec50000.gpio: probed /pinctrl/gpio@fec50000
[    1.627313] rockchip-pinctrl pinctrl: probed pinctrl
[    1.637346] fiq_debugger fiq_debugger.0: IRQ fiq not found
[    1.637844] fiq_debugger fiq_debugger.0: IRQ wakeup not found
[    1.638360] fiq_debugger_probe: could not install nmi irq handler
[    1.638937] printk: console [ttyFIQ0] enabled
[    1.639708] printk: bootconsole [uart8250] disabled
[    1.640188] Registered fiq debugger ttyFIQ0
[    1.640391] vcc5v0_sys: supplied by vcc12v_dcin
[    1.640469] vcc5v0_usbdcin: supplied by vcc12v_dcin
[    1.640537] vcc5v0_usb: supplied by vcc5v0_usbdcin
[    1.640603] vcc_1v1_nldo_s3: supplied by vcc5v0_sys
[    1.640745] vcc5v0_usb30: supplied by vcc5v0_usb
[    1.640790] vcc5v0_usbcon: supplied by vcc5v0_usb
[    1.640922] vcc4v0_sys: supplied by vcc12v_dcin
[    1.641120] iommu: Default domain type: Translated 
[    1.643096] ztl gm8775 chip i2c init...
[    1.643105] ztl nn gm8775 0
[    1.643212] SCSI subsystem initialized
[    1.643223] libata version 3.00 loaded.
[    1.643264] usbcore: registered new interface driver usbfs
[    1.643274] usbcore: registered new interface driver hub
[    1.643285] usbcore: registered new device driver usb
[    1.643310] mc: Linux media interface: v0.10
[    1.643317] videodev: Linux video capture interface: v2.00
[    1.643336] pps_core: LinuxPPS API ver. 1 registered
[    1.643338] pps_core: Software ver. 5.3.6 - Copyright 2005-2007 Rodolfo Giometti <giometti@linux.it>
[    1.643343] PTP clock support registered
[    1.643355] EDAC MC: Ver: 3.0.0
[    1.643579] arm-scmi firmware:scmi: SCMI Notifications - Core Enabled.
[    1.643605] arm-scmi firmware:scmi: SCMI Protocol v2.0 'rockchip:' Firmware version 0x0
[    1.644406] Advanced Linux Sound Architecture Driver Initialized.
[    1.644537] Bluetooth: Core ver 2.22
[    1.644546] NET: Registered protocol family 31
[    1.644548] Bluetooth: HCI device and connection manager initialized
[    1.644552] Bluetooth: HCI socket layer initialized
[    1.644555] Bluetooth: L2CAP socket layer initialized
[    1.644560] Bluetooth: SCO socket layer initialized
[    1.645780] rockchip-cpuinfo cpuinfo: SoC		: 35881000
[    1.645784] rockchip-cpuinfo cpuinfo: Serial		: 697ba025ffb7c7fb
[    1.645972] clocksource: Switched to clocksource arch_sys_counter
[    1.887376] NET: Registered protocol family 2
[    1.887482] IP idents hash table entries: 131072 (order: 8, 1048576 bytes, linear)
[    1.889295] tcp_listen_portaddr_hash hash table entries: 4096 (order: 4, 65536 bytes, linear)
[    1.889379] TCP established hash table entries: 65536 (order: 7, 524288 bytes, linear)
[    1.889695] TCP bind hash table entries: 65536 (order: 8, 1048576 bytes, linear)
[    1.890314] TCP: Hash tables configured (established 65536 bind 65536)
[    1.890348] UDP hash table entries: 4096 (order: 5, 131072 bytes, linear)
[    1.890464] UDP-Lite hash table entries: 4096 (order: 5, 131072 bytes, linear)
[    1.890619] NET: Registered protocol family 1
[    1.890845] RPC: Registered named UNIX socket transport module.
[    1.890849] RPC: Registered udp transport module.
[    1.890851] RPC: Registered tcp transport module.
[    1.890854] RPC: Registered tcp NFSv4.1 backchannel transport module.
[    1.891139] PCI: CLS 0 bytes, default 64
[    1.891726] rockchip-thermal fec00000.tsadc: Missing rockchip,grf property
[    1.892113] rockchip-thermal fec00000.tsadc: tsadc is probed successfully!
[    1.892653] hw perfevents: enabled with armv8_pmuv3 PMU driver, 7 counters available
[    1.894636] Initialise system trusted keyrings
[    1.894708] workingset: timestamp_bits=46 max_order=21 bucket_order=0
[    1.896047] squashfs: version 4.0 (2009/01/31) Phillip Lougher
[    1.896272] NFS: Registering the id_resolver key type
[    1.896281] Key type id_resolver registered
[    1.896284] Key type id_legacy registered
[    1.896296] ntfs: driver 2.1.32 [Flags: R/O].
[    1.896349] jffs2: version 2.2. (NAND) © 2001-2006 Red Hat, Inc.
[    1.896428] fuse: init (API version 7.32)
[    1.896500] SGI XFS with security attributes, no debug enabled
[    1.916264] NET: Registered protocol family 38
[    1.916270] Key type asymmetric registered
[    1.916273] Asymmetric key parser 'x509' registered
[    1.916286] Block layer SCSI generic (bsg) driver version 0.4 loaded (major 242)
[    1.916289] io scheduler mq-deadline registered
[    1.916294] io scheduler kyber registered
[    1.916624] rockchip-csi2-dphy-hw fedc8000.csi2-dphy1-hw: csi2 dphy hw probe successfully!
[    1.922748] rockchip-hdptx-phy-hdmi fed60000.hdmiphy: hdptx phy init success
[    1.923280] rockchip-hdptx-phy-hdmi fed70000.hdmiphy: hdptx phy init success
[    1.925161] rk-pcie fe180000.pcie: invalid prsnt-gpios property in node
[    1.925176] rk-pcie fe180000.pcie: no vpcie3v3 regulator found
[    1.925332] pwm-backlight backlight: supply power not found, using dummy regulator
[    1.925397] rk-pcie fe180000.pcie: IRQ msi not found
[    1.925408] rk-pcie fe180000.pcie: use outband MSI support
[    1.925415] rk-pcie fe180000.pcie: Missing *config* reg space
[    1.925433] rk-pcie fe180000.pcie: host bridge /pcie@fe180000 ranges:
[    1.925457] rk-pcie fe180000.pcie:      err 0x00f3000000..0x00f30fffff -> 0x00f3000000
[    1.925475] rk-pcie fe180000.pcie:       IO 0x00f3100000..0x00f31fffff -> 0x00f3100000
[    1.925494] rk-pcie fe180000.pcie:      MEM 0x00f3200000..0x00f3ffffff -> 0x00f3200000
[    1.925507] rk-pcie fe180000.pcie:      MEM 0x09c0000000..0x09ffffffff -> 0x09c0000000
[    1.925533] rk-pcie fe180000.pcie: Missing *config* reg space
[    1.925543] iep: Module initialized.
[    1.925557] rk-pcie fe180000.pcie: invalid resource
[    1.925568] mpp_service mpp-srv: 0d5f276d8 author: lhh 2024-11-21 change kernel for 22.04
[    1.925571] mpp_service mpp-srv: probe start
[    1.926327] mpp_vdpu1 fdb51000.avsd-plus: Adding to iommu group 1
[    1.926488] mpp_vdpu1 fdb51000.avsd-plus: probe device
[    1.926563] mpp_vdpu1 fdb51000.avsd-plus: reset_group->rw_sem_on=0
[    1.926568] mpp_vdpu1 fdb51000.avsd-plus: reset_group->rw_sem_on=0
[    1.926642] mpp_vdpu1 fdb51000.avsd-plus: probing finish
[    1.926862] mpp_vdpu2 fdb50400.vdpu: Adding to iommu group 1
[    1.926891] mpp_vdpu2 fdb50400.vdpu: probe device
[    1.926944] mpp_vdpu2 fdb50400.vdpu: reset_group->rw_sem_on=0
[    1.926948] mpp_vdpu2 fdb50400.vdpu: reset_group->rw_sem_on=0
[    1.927002] mpp_vdpu2 fdb50400.vdpu: probing finish
[    1.927107] mpp_vepu2 jpege-ccu: probing start
[    1.927111] mpp_vepu2 jpege-ccu: probing finish
[    1.927183] mpp_vepu2 fdb50000.vepu: Adding to iommu group 1
[    1.927210] mpp_vepu2 fdb50000.vepu: probing start
[    1.927262] mpp_vepu2 fdb50000.vepu: reset_group->rw_sem_on=0
[    1.927266] mpp_vepu2 fdb50000.vepu: reset_group->rw_sem_on=0
[    1.927320] mpp_vepu2 fdb50000.vepu: probing finish
[    1.927360] mpp_vepu2 fdba0000.jpege-core: Adding to iommu group 5
[    1.927421] mpp_vepu2 fdba0000.jpege-core: probing start
[    1.927485] mpp_vepu2 fdba0000.jpege-core: attach ccu success
[    1.927545] mpp_vepu2 fdba0000.jpege-core: probing finish
[    1.927589] mpp_vepu2 fdba4000.jpege-core: Adding to iommu group 6
[    1.927648] mpp_vepu2 fdba4000.jpege-core: probing start
[    1.927708] mpp_vepu2 fdba4000.jpege-core: attach ccu success
[    1.927763] mpp_vepu2 fdba4000.jpege-core: probing finish
[    1.927806] mpp_vepu2 fdba8000.jpege-core: Adding to iommu group 7
[    1.927864] mpp_vepu2 fdba8000.jpege-core: probing start
[    1.927924] mpp_vepu2 fdba8000.jpege-core: attach ccu success
[    1.927990] mpp_vepu2 fdba8000.jpege-core: probing finish
[    1.928033] mpp_vepu2 fdbac000.jpege-core: Adding to iommu group 8
[    1.928092] mpp_vepu2 fdbac000.jpege-core: probing start
[    1.928152] mpp_vepu2 fdbac000.jpege-core: attach ccu success
[    1.928205] mpp_vepu2 fdbac000.jpege-core: probing finish
[    1.928370] mpp-iep2 fdbb0000.iep: Adding to iommu group 9
[    1.928432] mpp-iep2 fdbb0000.iep: probe device
[    1.928510] mpp-iep2 fdbb0000.iep: allocate roi buffer failed
[    1.928564] mpp-iep2 fdbb0000.iep: probing finish
[    1.928683] mpp_jpgdec fdb90000.jpegd: Adding to iommu group 4
[    1.928803] mpp_jpgdec fdb90000.jpegd: probe device
[    1.928934] mpp_jpgdec fdb90000.jpegd: probing finish
[    1.929191] mpp_rkvdec2 fdc30000.rkvdec-ccu: rkvdec-ccu, probing start
[    1.929229] mpp_rkvdec2 fdc30000.rkvdec-ccu: ccu-mode: 1
[    1.929232] mpp_rkvdec2 fdc30000.rkvdec-ccu: probing finish
[    1.929288] mpp_rkvdec2 fdc38100.rkvdec-core: Adding to iommu group 12
[    1.929468] mpp_rkvdec2 fdc38100.rkvdec-core: rkvdec-core, probing start
[    1.929544] mpp_rkvdec2 fdc38100.rkvdec-core: shared_niu_a is not found!
[    1.929547] rkvdec2_init:1022: No niu aclk reset resource define
[    1.929550] mpp_rkvdec2 fdc38100.rkvdec-core: shared_niu_h is not found!
[    1.929553] rkvdec2_init:1025: No niu hclk reset resource define
[    1.929567] mpp_rkvdec2 fdc38100.rkvdec-core: no regulator, devfreq is disabled
[    1.929607] mpp_rkvdec2 fdc38100.rkvdec-core: core_mask=00010001
[    1.929610] mpp_rkvdec2 fdc38100.rkvdec-core: attach ccu as core 0
[    1.929733] mpp_rkvdec2 fdc38100.rkvdec-core: sram_start 0x00000000ff001000
[    1.929736] mpp_rkvdec2 fdc38100.rkvdec-core: rcb_iova 0x00000000fff00000
[    1.929739] mpp_rkvdec2 fdc38100.rkvdec-core: sram_size 491520
[    1.929742] mpp_rkvdec2 fdc38100.rkvdec-core: rcb_size 1048576
[    1.929746] mpp_rkvdec2 fdc38100.rkvdec-core: min_width 512
[    1.929750] mpp_rkvdec2 fdc38100.rkvdec-core: rcb_info_count 20
[    1.929753] mpp_rkvdec2 fdc38100.rkvdec-core: [136, 24576]
[    1.929756] mpp_rkvdec2 fdc38100.rkvdec-core: [137, 49152]
[    1.929759] mpp_rkvdec2 fdc38100.rkvdec-core: [141, 90112]
[    1.929761] mpp_rkvdec2 fdc38100.rkvdec-core: [140, 49152]
[    1.929764] mpp_rkvdec2 fdc38100.rkvdec-core: [139, 180224]
[    1.929767] mpp_rkvdec2 fdc38100.rkvdec-core: [133, 49152]
[    1.929770] mpp_rkvdec2 fdc38100.rkvdec-core: [134, 8192]
[    1.929773] mpp_rkvdec2 fdc38100.rkvdec-core: [135, 4352]
[    1.929775] mpp_rkvdec2 fdc38100.rkvdec-core: [138, 13056]
[    1.929778] mpp_rkvdec2 fdc38100.rkvdec-core: [142, 291584]
[    1.929798] mpp_rkvdec2 fdc38100.rkvdec-core: probing finish
[    1.929847] mpp_rkvdec2 fdc48100.rkvdec-core: Adding to iommu group 13
[    1.930000] mpp_rkvdec2 fdc48100.rkvdec-core: rkvdec-core, probing start
[    1.930072] mpp_rkvdec2 fdc48100.rkvdec-core: shared_niu_a is not found!
[    1.930075] rkvdec2_init:1022: No niu aclk reset resource define
[    1.930079] mpp_rkvdec2 fdc48100.rkvdec-core: shared_niu_h is not found!
[    1.930081] rkvdec2_init:1025: No niu hclk reset resource define
[    1.930093] mpp_rkvdec2 fdc48100.rkvdec-core: no regulator, devfreq is disabled
[    1.930122] mpp_rkvdec2 fdc48100.rkvdec-core: core_mask=00020002
[    1.930137] mpp_rkvdec2 fdc48100.rkvdec-core: attach ccu as core 1
[    1.930276] mpp_rkvdec2 fdc48100.rkvdec-core: sram_start 0x00000000ff079000
[    1.930280] mpp_rkvdec2 fdc48100.rkvdec-core: rcb_iova 0x00000000ffe00000
[    1.930282] mpp_rkvdec2 fdc48100.rkvdec-core: sram_size 487424
[    1.930285] mpp_rkvdec2 fdc48100.rkvdec-core: rcb_size 1048576
[    1.930289] mpp_rkvdec2 fdc48100.rkvdec-core: min_width 512
[    1.930293] mpp_rkvdec2 fdc48100.rkvdec-core: rcb_info_count 20
[    1.930296] mpp_rkvdec2 fdc48100.rkvdec-core: [136, 24576]
[    1.930298] mpp_rkvdec2 fdc48100.rkvdec-core: [137, 49152]
[    1.930301] mpp_rkvdec2 fdc48100.rkvdec-core: [141, 90112]
[    1.930304] mpp_rkvdec2 fdc48100.rkvdec-core: [140, 49152]
[    1.930307] mpp_rkvdec2 fdc48100.rkvdec-core: [139, 180224]
[    1.930310] mpp_rkvdec2 fdc48100.rkvdec-core: [133, 49152]
[    1.930313] mpp_rkvdec2 fdc48100.rkvdec-core: [134, 8192]
[    1.930315] mpp_rkvdec2 fdc48100.rkvdec-core: [135, 4352]
[    1.930318] mpp_rkvdec2 fdc48100.rkvdec-core: [138, 13056]
[    1.930321] mpp_rkvdec2 fdc48100.rkvdec-core: [142, 291584]
[    1.930340] mpp_rkvdec2 fdc48100.rkvdec-core: probing finish
[    1.930489] mpp_rkvenc2 rkvenc-ccu: probing start
[    1.930493] mpp_rkvenc2 rkvenc-ccu: probing finish
[    1.930877] mpp_av1dec: Adding child /av1d@fdc70000
[    1.931031] mpp_av1dec: register device av1d-master
[    1.931044] mpp_av1dec av1d-master: av1_iommu_of_xlate,784
[    1.931056] av1_iommu_probe_device,736, consumer : av1d-master, supplier : fdca0000.iommu
[    1.931062] mpp_av1dec av1d-master: Adding to iommu group 15
[    1.931209] mpp_av1dec av1d-master: probing start
[    1.931345] mpp_av1dec av1d-master: probing finish
[    1.931364] mpp_service mpp-srv: probe success
[    1.938167] dma-pl330 fea10000.dma-controller: Loaded driver for PL330 DMAC-241330
[    1.938173] dma-pl330 fea10000.dma-controller: 	DBUFF-128x8bytes Num_Chans-8 Num_Peri-32 Num_Events-16
[    1.938696] dma-pl330 fea30000.dma-controller: Loaded driver for PL330 DMAC-241330
[    1.938701] dma-pl330 fea30000.dma-controller: 	DBUFF-128x8bytes Num_Chans-8 Num_Peri-32 Num_Events-16
[    1.939237] dma-pl330 fed10000.dma-controller: Loaded driver for PL330 DMAC-241330
[    1.939243] dma-pl330 fed10000.dma-controller: 	DBUFF-128x8bytes Num_Chans-8 Num_Peri-32 Num_Events-16
[    1.939706] rockchip-pvtm fda40000.pvtm: pvtm@0 probed
[    1.939741] rockchip-pvtm fda50000.pvtm: pvtm@1 probed
[    1.939773] rockchip-pvtm fda60000.pvtm: pvtm@2 probed
[    1.939811] rockchip-pvtm fdaf0000.pvtm: pvtm@3 probed
[    1.939842] rockchip-pvtm fdb30000.pvtm: pvtm@4 probed
[    1.940228] rockchip-system-monitor rockchip-system-monitor: system monitor probe
[    1.940764] Serial: 8250/16550 driver, 10 ports, IRQ sharing disabled
[    1.941081] fd890000.serial: ttyS0 at MMIO 0xfd890000 (irq = 27, base_baud = 1500000) is a 16550A
[    1.941324] feb60000.serial: ttyS3 at MMIO 0xfeb60000 (irq = 87, base_baud = 1500000) is a 16550A
[    1.941528] feba0000.serial: ttyS7 at MMIO 0xfeba0000 (irq = 88, base_baud = 1500000) is a 16550A
[    1.941718] febb0000.serial: ttyS8 at MMIO 0xfebb0000 (irq = 89, base_baud = 1500000) is a 16550A
[    1.942546] random: crng init done
[    1.943152] rockchip-vop2 fdd90000.vop: Adding to iommu group 14
[    1.948795] rockchip-vop2 fdd90000.vop: [drm:vop2_bind] vp0 assign plane mask: 0x5, primary plane phy id: 2
[    1.948803] rockchip-vop2 fdd90000.vop: [drm:vop2_bind] vp1 assign plane mask: 0xa, primary plane phy id: 3
[    1.948808] rockchip-vop2 fdd90000.vop: [drm:vop2_bind] vp2 assign plane mask: 0x140, primary plane phy id: 8
[    1.948814] rockchip-vop2 fdd90000.vop: [drm:vop2_bind] vp3 assign plane mask: 0x280, primary plane phy id: 9
[    1.948974] [drm] failed to init overlay plane Cluster0-win1
[    1.948998] [drm] failed to init overlay plane Cluster1-win1
[    1.949020] [drm] failed to init overlay plane Cluster2-win1
[    1.949042] [drm] failed to init overlay plane Cluster3-win1
[    1.956377] rockchip-drm display-subsystem: bound fdd90000.vop (ops 0xffffffc0093c0dc0)
[    1.956674] dwhdmi-rockchip fde80000.hdmi: registered ddc I2C bus driver
[    1.956949] rockchip-drm display-subsystem: bound fde80000.hdmi (ops 0xffffffc0093cf950)
[    1.957199] dwhdmi-rockchip fdea0000.hdmi: registered ddc I2C bus driver
[    1.957453] rockchip-drm display-subsystem: bound fdea0000.hdmi (ops 0xffffffc0093cf950)
[    1.957482] dw-mipi-dsi2 fde20000.dsi: [drm:dw_mipi_dsi2_bind] *ERROR* Failed to find panel or bridge: -517
[    1.963724] brd: module loaded
[    1.965638] loop: module loaded
[    1.965751] zram: Added device: zram0
[    1.965850] lkdtm: No crash points registered, enable through debugfs
[    1.966140] system_heap: orders[0] = 6
[    1.966143] system_heap: orders[1] = 4
[    1.966146] system_heap: orders[2] = 0
[    1.966651] led-gpio num = 136
[    1.966919] ahci fe210000.sata: supply ahci not found, using dummy regulator
[    1.966961] ahci fe210000.sata: supply phy not found, using dummy regulator
[    1.966999] ahci fe210000.sata: supply target not found, using dummy regulator
[    1.967049] ahci fe210000.sata: forcing port_map 0x0 -> 0x1
[    1.967066] ahci fe210000.sata: AHCI 0001.0300 32 slots 1 ports 6 Gbps 0x1 impl platform mode
[    1.967072] ahci fe210000.sata: flags: ncq sntf pm led clo only pmp fbs pio slum part ccc apst 
[    1.967080] ahci fe210000.sata: port 0 can do FBS, forcing FBSCP
[    1.967621] scsi host0: ahci
[    1.967710] ata1: SATA max UDMA/133 mmio [mem 0xfe210000-0xfe210fff] port 0x100 irq 74
[    1.968532] rockchip-spi feb20000.spi: no high_speed pinctrl state
[    1.969545] rk806 spi2.0: chip id: RK806,ver:0x2, 0x1
[    1.969668] rk806 spi2.0: ON: 0x40 OFF:0x0
[    1.970987] vdd_gpu_s0: supplied by vcc4v0_sys
[    1.972004] vdd_cpu_lit_s0: supplied by vcc4v0_sys
[    1.972559] vdd_log_s0: supplied by vcc4v0_sys
[    1.973044] vdd_vdenc_s0: supplied by vcc4v0_sys
[    1.973577] vdd_ddr_s0: supplied by vcc4v0_sys
[    1.973880] vdd2_ddr_s3: supplied by vcc4v0_sys
[    1.974363] vdd_2v0_pldo_s3: supplied by vcc4v0_sys
[    1.974791] vcc_3v3_s3: supplied by vcc4v0_sys
[    1.975203] vddq_ddr_s0: supplied by vcc4v0_sys
[    1.975681] vcc_1v8_s3: supplied by vcc4v0_sys
[    1.976175] vdd_0v75_s3: supplied by vcc_1v1_nldo_s3
[    1.976663] vdd_ddr_pll_s0: supplied by vcc_1v1_nldo_s3
[    1.977083] avdd_0v75_s0: supplied by vcc_1v1_nldo_s3
[    1.977504] vdd_0v85_s0: supplied by vcc_1v1_nldo_s3
[    1.977925] vdd_0v75_s0: supplied by vcc_1v1_nldo_s3
[    1.978417] avcc_1v8_s0: supplied by vdd_2v0_pldo_s3
[    1.978955] vcc_1v8_s0: supplied by vdd_2v0_pldo_s3
[    1.979434] avdd_1v2_s0: supplied by vdd_2v0_pldo_s3
[    1.979911] vcc_3v3_s0: supplied by vcc4v0_sys
[    1.980329] vccio_sd_s0: supplied by vcc4v0_sys
[    1.980782] pldo6_s3: supplied by vcc4v0_sys
[    1.980949] rk806 spi2.0: no sleep-setting state
[    1.980953] rk806 spi2.0: no reset-setting pinctrl state
[    1.980956] rk806 spi2.0: no dvs-setting pinctrl state
[    1.982180] rockchip-spi feb20000.spi: probed, poll=0, rsd=0, cs-inactive=0, ready=0
[    1.983506] rk_gmac-dwmac fe1b0000.ethernet: IRQ eth_lpi not found
[    1.983716] rk_gmac-dwmac fe1b0000.ethernet: supply phy not found, using dummy regulator
[    1.983756] rk_gmac-dwmac fe1b0000.ethernet: clock input or output? (output).
[    1.983760] rk_gmac-dwmac fe1b0000.ethernet: TX delay(0x44).
[    1.983764] rk_gmac-dwmac fe1b0000.ethernet: Can not read property: rx_delay.
[    1.983768] rk_gmac-dwmac fe1b0000.ethernet: set rx_delay to 0xffffffff
[    1.983775] rk_gmac-dwmac fe1b0000.ethernet: integrated PHY? (no).
[    1.983781] rk_gmac-dwmac fe1b0000.ethernet: cannot get clock mac_clk_rx
[    1.983785] rk_gmac-dwmac fe1b0000.ethernet: cannot get clock mac_clk_tx
[    1.983794] rk_gmac-dwmac fe1b0000.ethernet: cannot get clock clk_mac_speed
[    1.984011] rk_gmac-dwmac fe1b0000.ethernet: init for RGMII_RXID
[    1.984072] rk_gmac-dwmac fe1b0000.ethernet: User ID: 0x30, Synopsys ID: 0x51
[    1.984076] rk_gmac-dwmac fe1b0000.ethernet: 	DWMAC4/5
[    1.984081] rk_gmac-dwmac fe1b0000.ethernet: DMA HW capability register supported
[    1.984085] rk_gmac-dwmac fe1b0000.ethernet: RX Checksum Offload Engine supported
[    1.984088] rk_gmac-dwmac fe1b0000.ethernet: TX Checksum insertion supported
[    1.984091] rk_gmac-dwmac fe1b0000.ethernet: Wake-Up On Lan supported
[    1.984114] rk_gmac-dwmac fe1b0000.ethernet: TSO supported
[    1.984117] rk_gmac-dwmac fe1b0000.ethernet: Enable RX Mitigation via HW Watchdog Timer
[    1.984122] rk_gmac-dwmac fe1b0000.ethernet: Enabled Flow TC (entries=2)
[    1.984125] rk_gmac-dwmac fe1b0000.ethernet: TSO feature enabled
[    1.984129] rk_gmac-dwmac fe1b0000.ethernet: Using 32 bits DMA width
[    2.117390] usbcore: registered new interface driver asix
[    2.117415] usbcore: registered new interface driver ax88179_178a
[    2.117426] usbcore: registered new interface driver cdc_ether
[    2.117436] usbcore: registered new interface driver net1080
[    2.117446] usbcore: registered new interface driver rndis_host
[    2.117456] usbcore: registered new interface driver cdc_subset
[    2.117466] usbcore: registered new interface driver zaurus
[    2.117481] usbcore: registered new interface driver cdc_ncm
[    2.117492] usbcore: registered new interface driver qmi_wwan_q
[    2.117502] usbcore: registered new interface driver qmi_wwan
[    2.117512] usbcore: registered new interface driver cdc_mbim
[    2.117515] drivers/net/tapn.c led_init line 151
[    2.117600] drivers/net/tapn.c chip_demo_gpio_probe line 91
[    2.124299] naneng-combphy fee20000.phy: phy type select 4 overwriting type 2
[    2.130447] rk-pcie fe180000.pcie: PCIe Linking... LTSSM is 0x3
[    2.130985] ehci_hcd: USB 2.0 'Enhanced' Host Controller (EHCI) Driver
[    2.130992] ehci-pci: EHCI PCI platform driver
[    2.131013] ehci-platform: EHCI generic platform driver
[    2.133157] ehci-platform fc800000.usb: EHCI Host Controller
[    2.133210] ehci-platform fc800000.usb: new USB bus registered, assigned bus number 1
[    2.133257] ehci-platform fc800000.usb: irq 19, io mem 0xfc800000
[    2.145973] ehci-platform fc800000.usb: USB 2.0 started, EHCI 1.00
[    2.146031] usb usb1: New USB device found, idVendor=1d6b, idProduct=0002, bcdDevice= 5.10
[    2.146036] usb usb1: New USB device strings: Mfr=3, Product=2, SerialNumber=1
[    2.146040] usb usb1: Product: EHCI Host Controller
[    2.146043] usb usb1: Manufacturer: Linux 5.10.198 ehci_hcd
[    2.146047] usb usb1: SerialNumber: fc800000.usb
[    2.146191] hub 1-0:1.0: USB hub found
[    2.146202] hub 1-0:1.0: 1 port detected
[    2.148439] ehci-platform fc880000.usb: EHCI Host Controller
[    2.148487] ehci-platform fc880000.usb: new USB bus registered, assigned bus number 2
[    2.148529] ehci-platform fc880000.usb: irq 21, io mem 0xfc880000
[    2.159312] ehci-platform fc880000.usb: USB 2.0 started, EHCI 1.00
[    2.159356] usb usb2: New USB device found, idVendor=1d6b, idProduct=0002, bcdDevice= 5.10
[    2.159360] usb usb2: New USB device strings: Mfr=3, Product=2, SerialNumber=1
[    2.159364] usb usb2: Product: EHCI Host Controller
[    2.159368] usb usb2: Manufacturer: Linux 5.10.198 ehci_hcd
[    2.159371] usb usb2: SerialNumber: fc880000.usb
[    2.159493] hub 2-0:1.0: USB hub found
[    2.159503] hub 2-0:1.0: 1 port detected
[    2.159762] ohci_hcd: USB 1.1 'Open' Host Controller (OHCI) Driver
[    2.159769] ohci-platform: OHCI generic platform driver
[    2.159872] ohci-platform fc840000.usb: Generic Platform OHCI controller
[    2.159917] ohci-platform fc840000.usb: new USB bus registered, assigned bus number 3
[    2.159947] ohci-platform fc840000.usb: irq 20, io mem 0xfc840000
[    2.212664] rk-pcie fe180000.pcie: PCIe Link up, LTSSM is 0x30011
[    2.212806] rk-pcie fe180000.pcie: PCI host bridge to bus 0003:30
[    2.212819] pci_bus 0003:30: root bus resource [bus 30-3f]
[    2.212830] pci_bus 0003:30: root bus resource [??? 0xf3000000-0xf30fffff flags 0x0]
[    2.212841] pci_bus 0003:30: root bus resource [io  0x0000-0xfffff] (bus address [0xf3100000-0xf31fffff])
[    2.212850] pci_bus 0003:30: root bus resource [mem 0xf3200000-0xf3ffffff]
[    2.212860] pci_bus 0003:30: root bus resource [mem 0x9c0000000-0x9ffffffff pref]
[    2.212896] pci 0003:30:00.0: [1d87:3588] type 01 class 0x060400
[    2.212923] pci 0003:30:00.0: reg 0x38: [mem 0x00000000-0x0000ffff pref]
[    2.212984] pci 0003:30:00.0: supports D1 D2
[    2.212993] pci 0003:30:00.0: PME# supported from D0 D1 D3hot
[    2.220026] usb usb3: New USB device found, idVendor=1d6b, idProduct=0001, bcdDevice= 5.10
[    2.220032] usb usb3: New USB device strings: Mfr=3, Product=2, SerialNumber=1
[    2.220036] usb usb3: Product: Generic Platform OHCI controller
[    2.220039] usb usb3: Manufacturer: Linux 5.10.198 ohci_hcd
[    2.220043] usb usb3: SerialNumber: fc840000.usb
[    2.221727] hub 3-0:1.0: USB hub found
[    2.221738] hub 3-0:1.0: 1 port detected
[    2.224085] pci 0003:30:00.0: Primary bus is hard wired to 0
[    2.224104] pci 0003:30:00.0: bridge configuration invalid ([bus 01-ff]), reconfiguring
[    2.224140] ohci-platform fc8c0000.usb: Generic Platform OHCI controller
[    2.224194] ohci-platform fc8c0000.usb: new USB bus registered, assigned bus number 4
[    2.224231] ohci-platform fc8c0000.usb: irq 22, io mem 0xfc8c0000
[    2.224345] pci 0003:31:00.0: [10ec:8168] type 00 class 0x020000
[    2.224422] pci 0003:31:00.0: reg 0x10: initial BAR value 0x00000000 invalid
[    2.224433] pci 0003:31:00.0: reg 0x10: [io  size 0x0100]
[    2.224522] pci 0003:31:00.0: reg 0x18: [mem 0x00000000-0x00000fff 64bit]
[    2.224583] pci 0003:31:00.0: reg 0x20: [mem 0x00000000-0x00003fff 64bit]
[    2.225025] pci 0003:31:00.0: supports D1 D2
[    2.225034] pci 0003:31:00.0: PME# supported from D0 D1 D2 D3hot D3cold
[    2.243445] pci_bus 0003:31: busn_res: [bus 31-3f] end is updated to 31
[    2.243482] pci 0003:30:00.0: BAR 8: assigned [mem 0xf3200000-0xf32fffff]
[    2.243494] pci 0003:30:00.0: BAR 6: assigned [mem 0xf3300000-0xf330ffff pref]
[    2.243506] pci 0003:30:00.0: BAR 7: assigned [io  0x1000-0x1fff]
[    2.243520] pci 0003:31:00.0: BAR 4: assigned [mem 0xf3200000-0xf3203fff 64bit]
[    2.243572] pci 0003:31:00.0: BAR 2: assigned [mem 0xf3204000-0xf3204fff 64bit]
[    2.243622] pci 0003:31:00.0: BAR 0: assigned [io  0x1000-0x10ff]
[    2.243643] pci 0003:30:00.0: PCI bridge to [bus 31]
[    2.243653] pci 0003:30:00.0:   bridge window [io  0x1000-0x1fff]
[    2.243664] pci 0003:30:00.0:   bridge window [mem 0xf3200000-0xf32fffff]
[    2.246002] pcieport 0003:30:00.0: PME: Signaling with IRQ 141
[    2.246211] r8168 Gigabit Ethernet driver 8.049.02-NAPI loaded
[    2.246263] r8168 0003:31:00.0: enabling device (0000 -> 0003)
[    2.262525] r8168 0003:31:00.0 (unnamed net_device) (uninitialized): Invalid ether addr 00:00:00:00:00:00
[    2.262546] r8168 0003:31:00.0 (unnamed net_device) (uninitialized): Random ether addr 62:5d:ef:f6:78:eb
[    2.262988] r8168: This product is covered by one or more of the following patents: US6,570,884, US6,115,776, and US6,327,625.
[    2.265070] r8168  Copyright (C) 2021 Realtek NIC software team <nicfae@realtek.com> 
                This program comes with ABSOLUTELY NO WARRANTY; for details, please see <http://www.gnu.org/licenses/>. 
                This is free software, and you are welcome to redistribute it under certain conditions; see <http://www.gnu.org/licenses/>. 
[    2.278781] ata1: SATA link down (SStatus 0 SControl 300)
[    2.283359] usb usb4: New USB device found, idVendor=1d6b, idProduct=0001, bcdDevice= 5.10
[    2.283365] usb usb4: New USB device strings: Mfr=3, Product=2, SerialNumber=1
[    2.283369] usb usb4: Product: Generic Platform OHCI controller
[    2.283372] usb usb4: Manufacturer: Linux 5.10.198 ohci_hcd
[    2.283375] usb usb4: SerialNumber: fc8c0000.usb
[    2.283494] hub 4-0:1.0: USB hub found
[    2.283504] hub 4-0:1.0: 1 port detected
[    2.283912] xhci-hcd xhci-hcd.3.auto: xHCI Host Controller
[    2.283961] xhci-hcd xhci-hcd.3.auto: new USB bus registered, assigned bus number 5
[    2.284021] xhci-hcd xhci-hcd.3.auto: hcc params 0x0220fe64 hci version 0x110 quirks 0x0000800002010010
[    2.284038] xhci-hcd xhci-hcd.3.auto: irq 130, io mem 0xfcd00000
[    2.284085] xhci-hcd xhci-hcd.3.auto: xHCI Host Controller
[    2.284128] xhci-hcd xhci-hcd.3.auto: new USB bus registered, assigned bus number 6
[    2.284134] xhci-hcd xhci-hcd.3.auto: Host supports USB 3.0 SuperSpeed
[    2.284167] usb usb5: New USB device found, idVendor=1d6b, idProduct=0002, bcdDevice= 5.10
[    2.284171] usb usb5: New USB device strings: Mfr=3, Product=2, SerialNumber=1
[    2.284175] usb usb5: Product: xHCI Host Controller
[    2.284178] usb usb5: Manufacturer: Linux 5.10.198 xhci-hcd
[    2.284182] usb usb5: SerialNumber: xhci-hcd.3.auto
[    2.284297] hub 5-0:1.0: USB hub found
[    2.284307] hub 5-0:1.0: 1 port detected
[    2.284398] usb usb6: We don't know the algorithms for LPM for this host, disabling LPM.
[    2.284424] usb usb6: New USB device found, idVendor=1d6b, idProduct=0003, bcdDevice= 5.10
[    2.284428] usb usb6: New USB device strings: Mfr=3, Product=2, SerialNumber=1
[    2.284431] usb usb6: Product: xHCI Host Controller
[    2.284435] usb usb6: Manufacturer: Linux 5.10.198 xhci-hcd
[    2.284438] usb usb6: SerialNumber: xhci-hcd.3.auto
[    2.284547] hub 6-0:1.0: USB hub found
[    2.284556] hub 6-0:1.0: 1 port detected
[    2.284687] phy phy-fd5d4000.syscon:usb2-phy@4000.3: illegal mode
[    2.284692] xhci-hcd xhci-hcd.4.auto: xHCI Host Controller
[    2.284737] xhci-hcd xhci-hcd.4.auto: new USB bus registered, assigned bus number 7
[    2.284812] xhci-hcd xhci-hcd.4.auto: hcc params 0x0220fe64 hci version 0x110 quirks 0x0000800002010010
[    2.284828] xhci-hcd xhci-hcd.4.auto: irq 131, io mem 0xfc400000
[    2.284879] xhci-hcd xhci-hcd.4.auto: xHCI Host Controller
[    2.284919] xhci-hcd xhci-hcd.4.auto: new USB bus registered, assigned bus number 8
[    2.284925] xhci-hcd xhci-hcd.4.auto: Host supports USB 3.0 SuperSpeed
[    2.284959] usb usb7: New USB device found, idVendor=1d6b, idProduct=0002, bcdDevice= 5.10
[    2.284963] usb usb7: New USB device strings: Mfr=3, Product=2, SerialNumber=1
[    2.284967] usb usb7: Product: xHCI Host Controller
[    2.284970] usb usb7: Manufacturer: Linux 5.10.198 xhci-hcd
[    2.284973] usb usb7: SerialNumber: xhci-hcd.4.auto
[    2.285084] hub 7-0:1.0: USB hub found
[    2.285093] hub 7-0:1.0: 1 port detected
[    2.285182] usb usb8: We don't know the algorithms for LPM for this host, disabling LPM.
[    2.285207] usb usb8: New USB device found, idVendor=1d6b, idProduct=0003, bcdDevice= 5.10
[    2.285211] usb usb8: New USB device strings: Mfr=3, Product=2, SerialNumber=1
[    2.285215] usb usb8: Product: xHCI Host Controller
[    2.285218] usb usb8: Manufacturer: Linux 5.10.198 xhci-hcd
[    2.285222] usb usb8: SerialNumber: xhci-hcd.4.auto
[    2.285327] hub 8-0:1.0: USB hub found
[    2.285335] hub 8-0:1.0: 1 port detected
[    2.285452] usbcore: registered new interface driver cdc_acm
[    2.285456] cdc_acm: USB Abstract Control Model driver for USB modems and ISDN adapters
[    2.285469] usbcore: registered new interface driver cdc_wdm
[    2.285592] usbcore: registered new interface driver uas
[    2.285634] usbcore: registered new interface driver usb-storage
[    2.285660] usbcore: registered new interface driver usbserial_generic
[    2.285668] usbserial: USB Serial support registered for generic
[    2.285683] usbcore: registered new interface driver cp210x
[    2.285689] usbserial: USB Serial support registered for cp210x
[    2.285714] usbcore: registered new interface driver ftdi_sio
[    2.285721] usbserial: USB Serial support registered for FTDI USB Serial Device
[    2.285787] usbcore: registered new interface driver keyspan
[    2.285794] usbserial: USB Serial support registered for Keyspan - (without firmware)
[    2.285801] usbserial: USB Serial support registered for Keyspan 1 port adapter
[    2.285807] usbserial: USB Serial support registered for Keyspan 2 port adapter
[    2.285814] usbserial: USB Serial support registered for Keyspan 4 port adapter
[    2.285830] usbcore: registered new interface driver option
[    2.285838] usbserial: USB Serial support registered for GSM modem (1-port)
[    2.285939] usbcore: registered new interface driver oti6858
[    2.285945] usbserial: USB Serial support registered for oti6858
[    2.285959] usbcore: registered new interface driver pl2303
[    2.285974] usbserial: USB Serial support registered for pl2303
[    2.285992] usbcore: registered new interface driver qcserial
[    2.285999] usbserial: USB Serial support registered for Qualcomm USB modem
[    2.286020] usbcore: registered new interface driver sierra
[    2.286028] usbserial: USB Serial support registered for Sierra USB modem
[    2.286374] usbcore: registered new interface driver usbtouchscreen
[    2.287180] input: rk805 pwrkey as /devices/platform/feb20000.spi/spi_master/spi2/spi2.0/rk805-pwrkey.1.auto/input/input0
[    2.287340] i2c /dev entries driver
[    2.290632] vdd_cpu_big0_s0: supplied by vcc4v0_sys
[    2.299007] vdd_cpu_big1_s0: supplied by vcc4v0_sys
[    2.307742] vdd_npu_s0: supplied by vcc4v0_sys
[    2.315904] rtc-hym8563 6-0051: rtc information is valid
[    2.321174] rtc-hym8563 6-0051: registered as rtc0
[    2.322189] rtc-hym8563 6-0051: setting system clock to 2026-03-29T07:04:12 UTC (1774767852)
[    2.326635] rk_hdmirx fdee0000.hdmirx-controller: No reserved memory for HDMIRX, use default CMA
[    2.326655] rk_hdmirx fdee0000.hdmirx-controller: hdmirx_probe: cpu_aff:0x500, Bound_cpu:5, wdt_cfg_bound_cpu:6, phy_cpuid:5
[    2.327134] rk_hdmirx fdee0000.hdmirx-controller: hdmirx_audio_interrupts_setup: 0
[    2.327696] rk_hdmirx fdee0000.hdmirx-controller: rk_hdmirx_hdcp_register success
[    2.327716] rk_hdmirx fdee0000.hdmirx-controller: fdee0000.hdmirx-controller driver probe ok!
[    2.327790] usbcore: registered new interface driver uvcvideo
[    2.327793] USB Video Class driver (1.1.1)
[    2.328355] Bluetooth: HCI UART driver ver 2.3
[    2.328361] Bluetooth: HCI UART protocol H4 registered
[    2.328364] Bluetooth: HCI UART protocol ATH3K registered
[    2.328382] usbcore: registered new interface driver bfusb
[    2.328399] usbcore: registered new interface driver btusb
[    2.329113] cpu cpu0: bin=0
[    2.329288] cpu cpu0: leakage=13
[    2.330691] cpu cpu0: pvtm=1506
[    2.330803] cpu cpu0: pvtm-volt-sel=4
[    2.332644] cpu cpu4: bin=0
[    2.332815] cpu cpu4: leakage=12
[    2.339240] cpu cpu4: pvtm=1736
[    2.343137] cpu cpu4: pvtm-volt-sel=5
[    2.345713] cpu cpu6: bin=0
[    2.345884] cpu cpu6: leakage=11
[    2.352329] cpu cpu6: pvtm=1752
[    2.357355] cpu cpu6: pvtm-volt-sel=6
[    2.358760] cpu cpu0: avs=0
[    2.358777] cpu cpu4: _of_add_opp_table_v2: no supported OPPs
[    2.358781] cpu cpu4: OPP table can't be empty
[    2.359660] sdhci: Secure Digital Host Controller Interface driver
[    2.359664] sdhci: Copyright(c) Pierre Ossman
[    2.359668] Synopsys Designware Multimedia Card Interface Driver
[    2.359974] sdhci-pltfm: SDHCI platform and OF driver helper
[    2.360653] dwmmc_rockchip fe2c0000.mmc: No normal pinctrl state
[    2.360666] dwmmc_rockchip fe2c0000.mmc: No idle pinctrl state
[    2.360797] dwmmc_rockchip fe2c0000.mmc: IDMAC supports 32-bit address mode.
[    2.360836] dwmmc_rockchip fe2c0000.mmc: Using internal DMA controller.
[    2.360849] dwmmc_rockchip fe2c0000.mmc: Version ID is 270a
[    2.360891] dwmmc_rockchip fe2c0000.mmc: DW MMC controller at irq 75,32 bit host data width,256 deep fifo
[    2.361030] arm-scmi firmware:scmi: Failed. SCMI protocol 17 not active.
[    2.361055] SMCCC: SOC_ID: ARCH_SOC_ID not implemented, skipping ....
[    2.361539] cryptodev: driver 1.12 loaded.
[    2.361568] hid: raw HID events driver (C) Jiri Kosina
[    2.361681] usbcore: registered new interface driver usbhid
[    2.361684] usbhid: USB HID core driver
[    2.364125] optee: probing for conduit method.
[    2.364141] optee: revision 3.13 (62aa10b7)
[    2.364354] optee: dynamic shared memory is enabled
[    2.364441] optee: initialized driver
[    2.365026] usbcore: registered new interface driver snd-usb-audio
[    2.367375] rockchip-i2s-tdm fddf0000.i2s: CLK-ALWAYS-ON: mclk: 12288000, bclk: 3072000, fsync: 48000
[    2.368005] rockchip-i2s-tdm fddf4000.i2s: CLK-ALWAYS-ON: mclk: 12288000, bclk: 3072000, fsync: 48000
[    2.369517] debugfs: File 'Capture' in directory 'dapm' already present!
[    2.374408] mmc_host mmc1: Bus speed (slot 0) = 400000Hz (slot req 400000Hz, actual 400000HZ div = 0)
[    2.382113] input: rockchip,hdmiin rockchip,hdmiin as /devices/platform/hdmiin-sound/sound/card0/input1
[    2.382938] input: headset-keys as /devices/platform/es8388-sound/input/input2
[    2.392466] mmc0: SDHCI controller on fe2e0000.mmc [fe2e0000.mmc] using ADMA
[    2.394705] ES8323 7-0011: ASoC: error at soc_component_write_no_lock on ES8323.7-0011: -5
[    2.396064] usb 1-1: new high-speed USB device number 2 using ehci-platform
[    2.433757] mmc0: Host Software Queue enabled
[    2.433782] mmc0: new HS400 Enhanced strobe MMC card at address 0001
[    2.434333] mmcblk0: mmc0:0001 SDS7S2 58.3 GiB 
[    2.434512] mmcblk0boot0: mmc0:0001 SDS7S2 partition 1 4.00 MiB
[    2.434690] mmcblk0boot1: mmc0:0001 SDS7S2 partition 2 4.00 MiB
[    2.434916] mmcblk0rpmb: mmc0:0001 SDS7S2 partition 3 16.0 MiB, chardev (234:0)
[    2.438255]  mmcblk0: p1 p2 p3 p4 p5 p6 p7 p8
[    2.444853] input: rockchip-es8388 Headset as /devices/platform/es8388-sound/sound/card1/input3
[    2.445531] IPVS: Registered protocols ()
[    2.445553] IPVS: Connection hash table configured (size=4096, memory=32Kbytes)
[    2.445613] IPVS: ipvs loaded.
[    2.445617] IPVS: [rr] scheduler registered.
[    2.445740] Initializing XFRM netlink socket
[    2.445895] NET: Registered protocol family 10
[    2.446520] Segment Routing with IPv6
[    2.446573] NET: Registered protocol family 17
[    2.446594] NET: Registered protocol family 15
[    2.446811] Bluetooth: RFCOMM socket layer initialized
[    2.446831] Bluetooth: RFCOMM ver 1.11
[    2.446847] Bluetooth: HIDP (Human Interface Emulation) ver 1.2
[    2.446858] Bluetooth: HIDP socket layer initialized
[    2.446894] [BT_RFKILL]: Enter rfkill_rk_init
[    2.446901] [WLAN_RFKILL]: Enter rfkill_wlan_init
[    2.447392] [WLAN_RFKILL]: Enter rfkill_wlan_probe
[    2.447424] [WLAN_RFKILL]: can't find rockchip,grf property
[    2.447432] [WLAN_RFKILL]: wlan_platdata_parse_dt: wifi_chip_type = ap6275p
[    2.447439] [WLAN_RFKILL]: wlan_platdata_parse_dt: enable wifi power control.
[    2.447446] [WLAN_RFKILL]: wlan_platdata_parse_dt: wifi power controled by gpio.
[    2.447592] [WLAN_RFKILL]: wlan_platdata_parse_dt: WIFI,poweren_gpio = 20 flags = 0.
[    2.447619] [WLAN_RFKILL]: wlan_platdata_parse_dt: WIFI,host_wake_irq = 10, flags = 0.
[    2.447630] [WLAN_RFKILL]: wlan_platdata_parse_dt: The ref_wifi_clk not found !
[    2.447637] [WLAN_RFKILL]: rfkill_wlan_probe: init gpio
[    2.447646] [WLAN_RFKILL]: rfkill_set_wifi_bt_power: 1
[    2.447653] [WLAN_RFKILL]: Exit rfkill_wlan_probe
[    2.448771] [BT_RFKILL]: bluetooth_platdata_parse_dt: get property: uart_rts_gpios = 100.
[    2.448800] [BT_RFKILL]: bluetooth_platdata_parse_dt: get property: BT,reset_gpio = 22.
[    2.448816] [BT_RFKILL]: bluetooth_platdata_parse_dt: get property: BT,wake_gpio = 21.
[    2.448832] [BT_RFKILL]: bluetooth_platdata_parse_dt: get property: BT,wake_host_irq = 0.
[    2.448923] [BT_RFKILL]: Request irq for bt wakeup host
[    2.449003] [BT_RFKILL]: ** disable irq
[    2.449084] [BT_RFKILL]: bt_default device registered.
[    2.449173] Key type dns_resolver registered
[    2.450614] Loading compiled-in X.509 certificates
[    2.451495] pstore: Using crash dump compression: deflate
[    2.451507] vendor storage:20190527 ret = 0
[    2.451829] rga3_core0 fdb60000.rga: Adding to iommu group 2
[    2.452096] rga: rga3_core0, irq = 36, match scheduler
[    2.452455] rga: rga3_core0 hardware loaded successfully, hw_version:3.0.76831.
[    2.452488] rga: rga3_core0 probe successfully
[    2.452694] rga3_core1 fdb70000.rga: Adding to iommu group 3
[    2.452808] rga: rga3_core1, irq = 37, match scheduler
[    2.453092] rga: rga3_core1 hardware loaded successfully, hw_version:3.0.76831.
[    2.453125] rga: rga3_core1 probe successfully
[    2.453323] rga: rga2, irq = 38, match scheduler
[    2.453584] rga: rga2 hardware loaded successfully, hw_version:3.2.63318.
[    2.453593] rga: rga2 probe successfully
[    2.453713] rga_iommu: IOMMU binding successfully, default mapping core[0x1]
[    2.453884] rga: Module initialized. v1.3.1
[    2.468372] mali fb000000.gpu: Kernel DDK version g18p0-01eac0
[    2.468391] pcie20_avdd0v85: supplied by vdd_0v85_s0
[    2.468983] pcie30_avdd1v8: supplied by avcc_1v8_s0
[    2.469440] vcc3v3_lcd0_n: supplied by vcc_1v8_s0
[    2.470107] mali fb000000.gpu: bin=0
[    2.470184] vcc3v3_wifi: supplied by vcc_3v3_s3
[    2.470304] mali fb000000.gpu: leakage=14
[    2.470362] debugfs: Directory 'fb000000.gpu-mali' with parent 'vdd_gpu_s0' already present!
[    2.470482] vcc3v3_lcd: supplied by vcc_3v3_s3
[    2.471346] mpp_rkvenc2 fdbd0000.rkvenc-core: Adding to iommu group 10
[    2.471737] mpp_rkvenc2 fdbd0000.rkvenc-core: probing start
[    2.471797] mali fb000000.gpu: pvtm=861
[    2.471929] mali fb000000.gpu: pvtm-volt-sel=3
[    2.472533] mpp_rkvenc2 fdbd0000.rkvenc-core: bin=0
[    2.472607] mali fb000000.gpu: avs=0
[    2.472661] W : [File] : drivers/gpu/arm/bifrost/platform/rk/mali_kbase_config_rk.c; [Line] : 143; [Func] : kbase_platform_rk_init(); power-off-delay-ms not available.
[    2.472768] mpp_rkvenc2 fdbd0000.rkvenc-core: leakage=11
[    2.472786] mpp_rkvenc2 fdbd0000.rkvenc-core: leakage-volt-sel=0
[    2.472987] mali fb000000.gpu: r0p0 status 5 not found in HW issues table;
[    2.472999] mali fb000000.gpu: falling back to closest match: r0p0 status 0
[    2.473007] mali fb000000.gpu: Execution proceeding normally with fallback match
[    2.473018] mali fb000000.gpu: GPU identified as 0x7 arch 10.8.6 r0p0 status 0
[    2.473070] mali fb000000.gpu: No priority control manager is configured
[    2.473241] mali fb000000.gpu: No memory group manager is configured
[    2.473263] mali fb000000.gpu: Protected memory allocator not available
[    2.473472] mpp_rkvenc2 fdbd0000.rkvenc-core: avs=0
[    2.473505] mpp_rkvenc2 fdbd0000.rkvenc-core: l=-2147483648 h=2147483647 hyst=0 l_limit=0 h_limit=0 h_table=0
[    2.473840] mpp_rkvenc2 fdbd0000.rkvenc-core: attach ccu as core 0
[    2.473854] mali fb000000.gpu: Capping CSF_FIRMWARE_TIMEOUT to CSF_FIRMWARE_PING_TIMEOUT
[    2.474028] mpp_rkvenc2 fdbd0000.rkvenc-core: probing finish
[    2.474153] mali fb000000.gpu: l=10000 h=85000 hyst=5000 l_limit=0 h_limit=800000000 h_table=0
[    2.474165] mpp_rkvenc2 fdbe0000.rkvenc-core: Adding to iommu group 11
[    2.474350] mpp_rkvenc2 fdbe0000.rkvenc-core: probing start
[    2.475108] mpp_rkvenc2 fdbe0000.rkvenc-core: bin=0
[    2.475283] mpp_rkvenc2 fdbe0000.rkvenc-core: leakage=11
[    2.475290] mpp_rkvenc2 fdbe0000.rkvenc-core: leakage-volt-sel=0
[    2.475316] mali fb000000.gpu: Probed as mali0
[    2.475829] mpp_rkvenc2 fdbe0000.rkvenc-core: avs=0
[    2.475841] mpp_rkvenc2 fdbe0000.rkvenc-core: l=-2147483648 h=2147483647 hyst=0 l_limit=0 h_limit=0 h_table=0
[    2.476030] mpp_rkvenc2 fdbe0000.rkvenc-core: attach ccu as core 1
[    2.476174] mpp_rkvenc2 fdbe0000.rkvenc-core: probing finish
[    2.476500] rk-pcie fe170000.pcie: invalid prsnt-gpios property in node
[    2.477041] rk-pcie fe170000.pcie: IRQ msi not found
[    2.477054] rk-pcie fe170000.pcie: use outband MSI support
[    2.477062] rk-pcie fe170000.pcie: Missing *config* reg space
[    2.477081] rk-pcie fe170000.pcie: host bridge /pcie@fe170000 ranges:
[    2.477119] rk-pcie fe170000.pcie:      err 0x00f2000000..0x00f20fffff -> 0x00f2000000
[    2.477147] rk-pcie fe170000.pcie:       IO 0x00f2100000..0x00f21fffff -> 0x00f2100000
[    2.477178] rk-pcie fe170000.pcie:      MEM 0x00f2200000..0x00f2ffffff -> 0x00f2200000
[    2.477202] rk-pcie fe170000.pcie:      MEM 0x0980000000..0x09bfffffff -> 0x0980000000
[    2.477240] rk-pcie fe170000.pcie: Missing *config* reg space
[    2.477272] rk-pcie fe170000.pcie: invalid resource
[    2.479352] rockchip-vop2 fdd90000.vop: [drm:vop2_bind] vp0 assign plane mask: 0x5, primary plane phy id: 2
[    2.479360] rockchip-vop2 fdd90000.vop: [drm:vop2_bind] vp1 assign plane mask: 0xa, primary plane phy id: 3
[    2.479366] rockchip-vop2 fdd90000.vop: [drm:vop2_bind] vp2 assign plane mask: 0x140, primary plane phy id: 8
[    2.479371] rockchip-vop2 fdd90000.vop: [drm:vop2_bind] vp3 assign plane mask: 0x280, primary plane phy id: 9
[    2.479537] [drm] failed to init overlay plane Cluster0-win1
[    2.479561] [drm] failed to init overlay plane Cluster1-win1
[    2.479583] [drm] failed to init overlay plane Cluster2-win1
[    2.479604] [drm] failed to init overlay plane Cluster3-win1
[    2.487743] rockchip-drm display-subsystem: bound fdd90000.vop (ops 0xffffffc0093c0dc0)
[    2.488362] dwhdmi-rockchip fde80000.hdmi: registered ddc I2C bus driver
[    2.488947] dw-hdmi-qp-hdcp dw-hdmi-qp-hdcp.9.auto: dw_hdcp_qp_hdcp_probe success
[    2.488992] rockchip-drm display-subsystem: bound fde80000.hdmi (ops 0xffffffc0093cf950)
[    2.489699] dwhdmi-rockchip fdea0000.hdmi: registered ddc I2C bus driver
[    2.490414] dw-hdmi-qp-hdcp dw-hdmi-qp-hdcp.12.auto: dw_hdcp_qp_hdcp_probe success
[    2.490470] rockchip-drm display-subsystem: bound fdea0000.hdmi (ops 0xffffffc0093cf950)
[    2.490507] dw-mipi-dsi2 fde20000.dsi: [drm:dw_mipi_dsi2_bind] *ERROR* Failed to find panel or bridge: -517
[    2.500633] input: adc-keys as /devices/platform/adc-keys/input/input4
[    2.509037] rockchip-vop2 fdd90000.vop: [drm:vop2_bind] vp0 assign plane mask: 0x5, primary plane phy id: 2
[    2.509061] rockchip-vop2 fdd90000.vop: [drm:vop2_bind] vp1 assign plane mask: 0xa, primary plane phy id: 3
[    2.509074] rockchip-vop2 fdd90000.vop: [drm:vop2_bind] vp2 assign plane mask: 0x140, primary plane phy id: 8
[    2.509086] rockchip-vop2 fdd90000.vop: [drm:vop2_bind] vp3 assign plane mask: 0x280, primary plane phy id: 9
[    2.509501] [drm] failed to init overlay plane Cluster0-win1
[    2.509555] [drm] failed to init overlay plane Cluster1-win1
[    2.509604] [drm] failed to init overlay plane Cluster2-win1
[    2.509655] [drm] failed to init overlay plane Cluster3-win1
[    2.522292] rockchip-drm display-subsystem: bound fdd90000.vop (ops 0xffffffc0093c0dc0)
[    2.523030] dwhdmi-rockchip fde80000.hdmi: registered ddc I2C bus driver
[    2.523777] dw-hdmi-qp-hdcp dw-hdmi-qp-hdcp.9.auto: dw_hdcp_qp_hdcp_probe success
[    2.523825] rockchip-drm display-subsystem: bound fde80000.hdmi (ops 0xffffffc0093cf950)
[    2.524325] dwhdmi-rockchip fdea0000.hdmi: registered ddc I2C bus driver
[    2.524857] dw-hdmi-qp-hdcp dw-hdmi-qp-hdcp.12.auto: dw_hdcp_qp_hdcp_probe success
[    2.524894] rockchip-drm display-subsystem: bound fdea0000.hdmi (ops 0xffffffc0093cf950)
[    2.524941] rockchip-drm display-subsystem: bound fde20000.dsi (ops 0xffffffc0093d2168)
[    2.525519] rockchip-drm display-subsystem: route-hdmi0: failed to get logo,offset
[    2.525718] dwhdmi-rockchip fdea0000.hdmi: i2c read err!
[    2.525838] dwhdmi-rockchip fdea0000.hdmi: i2c read err!
[    2.525949] dwhdmi-rockchip fdea0000.hdmi: i2c read err!
[    2.526170] dwhdmi-rockchip fdea0000.hdmi: i2c read err!
[    2.526651] dwhdmi-rockchip fdea0000.hdmi: i2c read err!
[    2.526864] dwhdmi-rockchip fdea0000.hdmi: i2c read err!
[    2.526870] dwhdmi-rockchip fdea0000.hdmi: get hdcp2.x capable failed:-5
[    2.526876] dwhdmi-rockchip fdea0000.hdmi: failed to get edid
[    2.527032] dwhdmi-rockchip fdea0000.hdmi: use tmds mode
[    2.527079] dwhdmi-rockchip fdea0000.hdmi: use tmds mode
[    2.531955] dwhdmi-rockchip fdea0000.hdmi: i2c read err!
[    2.532041] dwhdmi-rockchip fdea0000.hdmi: i2c read err!
[    2.532161] dwhdmi-rockchip fdea0000.hdmi: i2c read err!
[    2.532279] dwhdmi-rockchip fdea0000.hdmi: i2c read err!
[    2.532732] usb 7-1: new low-speed USB device number 2 using xhci-hcd
[    2.544028] usb 1-1: New USB device found, idVendor=1a40, idProduct=0101, bcdDevice= 1.11
[    2.544048] usb 1-1: New USB device strings: Mfr=0, Product=1, SerialNumber=0
[    2.544057] usb 1-1: Product: USB 2.0 Hub
[    2.544781] hub 1-1:1.0: USB hub found
[    2.545021] hub 1-1:1.0: 4 ports detected
[    2.632713] dwhdmi-rockchip fdea0000.hdmi: i2c read time out!
[    2.633147] dwhdmi-rockchip fdea0000.hdmi: i2c read err!
[    2.633579] dwhdmi-rockchip fdea0000.hdmi: i2c read err!
[    2.634013] dwhdmi-rockchip fdea0000.hdmi: i2c read err!
[    2.634023] dwhdmi-rockchip fdea0000.hdmi: get hdcp2.x capable failed:-5
[    2.634029] dwhdmi-rockchip fdea0000.hdmi: failed to get edid
[    2.639568] rockchip-drm display-subsystem: [drm] fb0: rockchipdrmfb frame buffer device
[    2.640258] [drm] Initialized rockchip 3.0.0 20140818 for display-subsystem on minor 0
[    2.641684] input: rockchip-hdmi0 rockchip-hdmi0 as /devices/platform/hdmi0-sound/sound/card2/input5
[    2.643124] input: rockchip-hdmi1 rockchip-hdmi1 as /devices/platform/hdmi1-sound/sound/card3/input6
[    2.645140] RKNPU fdab0000.npu: Adding to iommu group 0
[    2.645246] RKNPU fdab0000.npu: RKNPU: rknpu iommu is enabled, using iommu mode
[    2.646526] RKNPU fdab0000.npu: can't request region for resource [mem 0xfdab0000-0xfdabffff]
[    2.646554] RKNPU fdab0000.npu: can't request region for resource [mem 0xfdac0000-0xfdacffff]
[    2.646572] RKNPU fdab0000.npu: can't request region for resource [mem 0xfdad0000-0xfdadffff]
[    2.647077] [drm] Initialized rknpu 0.9.3 20231121 for fdab0000.npu on minor 1
[    2.650935] RKNPU fdab0000.npu: RKNPU: bin=0
[    2.651138] RKNPU fdab0000.npu: leakage=8
[    2.651213] debugfs: Directory 'fdab0000.npu-rknpu' with parent 'vdd_npu_s0' already present!
[    2.658937] RKNPU fdab0000.npu: pvtm=873
[    2.663816] RKNPU fdab0000.npu: pvtm-volt-sel=3
[    2.665148] RKNPU fdab0000.npu: avs=0
[    2.665328] RKNPU fdab0000.npu: l=10000 h=85000 hyst=5000 l_limit=0 h_limit=800000000 h_table=0
[    2.676153] RKNPU fdab0000.npu: failed to find power_model node
[    2.676173] RKNPU fdab0000.npu: RKNPU: failed to initialize power model
[    2.676182] RKNPU fdab0000.npu: RKNPU: failed to get dynamic-coefficient
[    2.677097] cfg80211: Loading compiled-in X.509 certificates for regulatory database
[    2.677904] usb 7-1: New USB device found, idVendor=1c4f, idProduct=0034, bcdDevice= 1.10
[    2.677917] usb 7-1: New USB device strings: Mfr=1, Product=2, SerialNumber=0
[    2.677926] usb 7-1: Product: Usb Mouse
[    2.677934] usb 7-1: Manufacturer: SIGMACHIP
[    2.679389] cfg80211: Loaded X.509 cert 'sforshee: 00b28ddf47aef9cea7'
[    2.679620] platform regulatory.0: Direct firmware load for regulatory.db failed with error -2
[    2.679631] cfg80211: failed to load regulatory.db
[    2.680915] rockchip-pm rockchip-suspend: not set pwm-regulator-config
[    2.681486] rockchip-suspend not set sleep-mode-config for mem-lite
[    2.681495] rockchip-suspend not set wakeup-config for mem-lite
[    2.681505] rockchip-suspend not set sleep-mode-config for mem-ultra
[    2.681512] rockchip-suspend not set wakeup-config for mem-ultra
[    2.682785] I : [File] : drivers/gpu/arm/mali400/mali/linux/mali_kernel_linux.c; [Line] : 406; [Func] : mali_module_init(); svn_rev_string_from_arm of this mali_ko is '', rk_ko_ver is '5', built at '11:13:12', on 'Feb 25 2025'.
[    2.683235] Mali: 
[    2.683238] Mali device driver loaded
[    2.683254] ALSA device list:
[    2.683262]   #0: rockchip,hdmiin
[    2.683268]   #1: rockchip-es8388
[    2.683275]   #2: rockchip-hdmi0
[    2.683281]   #3: rockchip-hdmi1
[    2.683835] rk-pcie fe170000.pcie: PCIe Linking... LTSSM is 0x3
[    2.697173] input: SIGMACHIP Usb Mouse as /devices/platform/usbdrd3_1/fc400000.usb/xhci-hcd.4.auto/usb7/7-1/7-1:1.0/0003:1C4F:0034.0001/input/input7
[    2.697390] hid-generic 0003:1C4F:0034.0001: input,hidraw0: USB HID v1.10 Mouse [SIGMACHIP Usb Mouse] on usb-xhci-hcd.4.auto-1/input0
[    2.710958] EXT4-fs (mmcblk0p8): mounted filesystem with ordered data mode. Opts: (null)
[    2.710995] ext4 filesystem being mounted at /root supports timestamps until 2038 (0x7fffffff)
[    2.711024] VFS: Mounted root (ext4 filesystem) on device 179:8.
[    2.712096] devtmpfs: mounted
[    2.716623] Freeing unused kernel memory: 6848K
[    2.726349] Run /sbin/init as init process
[    2.726367]   with arguments:
[    2.726371]     /sbin/init
[    2.726374]   with environment:
[    2.726377]     HOME=/
[    2.726380]     TERM=linux
[    2.726383]     storagemedia=emmc
[    2.766119] rk-pcie fe170000.pcie: PCIe Link up, LTSSM is 0x30011
[    2.766300] rk-pcie fe170000.pcie: PCI host bridge to bus 0002:20
[    2.766313] pci_bus 0002:20: root bus resource [bus 20-2f]
[    2.766324] pci_bus 0002:20: root bus resource [??? 0xf2000000-0xf20fffff flags 0x0]
[    2.766336] pci_bus 0002:20: root bus resource [io  0x100000-0x1fffff] (bus address [0xf2100000-0xf21fffff])
[    2.766345] pci_bus 0002:20: root bus resource [mem 0xf2200000-0xf2ffffff]
[    2.766354] pci_bus 0002:20: root bus resource [mem 0x980000000-0x9bfffffff pref]
[    2.766391] pci 0002:20:00.0: [1d87:3588] type 01 class 0x060400
[    2.766418] pci 0002:20:00.0: reg 0x38: [mem 0x00000000-0x0000ffff pref]
[    2.766481] pci 0002:20:00.0: supports D1 D2
[    2.766490] pci 0002:20:00.0: PME# supported from D0 D1 D3hot
[    2.777891] pci 0002:20:00.0: Primary bus is hard wired to 0
[    2.777918] pci 0002:20:00.0: bridge configuration invalid ([bus 01-ff]), reconfiguring
[    2.778155] pci 0002:21:00.0: [10ec:b852] type 00 class 0x028000
[    2.778238] pci 0002:21:00.0: reg 0x10: [io  0x0000-0x00ff]
[    2.778334] pci 0002:21:00.0: reg 0x18: [mem 0x00000000-0x000fffff 64bit]
[    2.778805] pci 0002:21:00.0: PME# supported from D0 D3hot D3cold
[    2.796956] pci_bus 0002:21: busn_res: [bus 21-2f] end is updated to 21
[    2.797008] pci 0002:20:00.0: BAR 8: assigned [mem 0xf2200000-0xf22fffff]
[    2.797021] pci 0002:20:00.0: BAR 6: assigned [mem 0xf2300000-0xf230ffff pref]
[    2.797032] pci 0002:20:00.0: BAR 7: assigned [io  0x100000-0x100fff]
[    2.797046] pci 0002:21:00.0: BAR 2: assigned [mem 0xf2200000-0xf22fffff 64bit]
[    2.797102] pci 0002:21:00.0: BAR 0: assigned [io  0x100000-0x1000ff]
[    2.797124] pci 0002:20:00.0: PCI bridge to [bus 21]
[    2.797134] pci 0002:20:00.0:   bridge window [io  0x100000-0x100fff]
[    2.797144] pci 0002:20:00.0:   bridge window [mem 0xf2200000-0xf22fffff]
[    2.799705] pcieport 0002:20:00.0: PME: Signaling with IRQ 156
[    2.856815] systemd[1]: Failed to look up module alias 'autofs4': Function not implemented
[    2.863217] systemd[1]: systemd 249.11-0ubuntu3.12 running in system mode (+PAM +AUDIT +SELINUX +APPARMOR +IMA +SMACK +SECCOMP +GCRYPT +GNUTLS +OPENSSL +ACL +BLKID +CURL +ELFUTILS +FIDO2 +IDN2 -IDN +IPTC +KMOD +LIBCRYPTSETUP +LIBFDISK +PCRE2 -PWQUALITY -P11KIT -QRENCODE +BZIP2 +LZ4 +XZ +ZLIB +ZSTD -XKBCOMMON +UTMP +SYSVINIT default-hierarchy=unified)
[    2.863845] systemd[1]: Detected architecture arm64.
[    2.865566] systemd[1]: Hostname set to <3588>.
[    3.128198] systemd[1]: Configuration file /lib/systemd/system/rkaiq_3A.service is marked world-writable. Please remove world writability permission bits. Proceeding anyway.
[    3.203348] systemd[1]: Queued start job for default target Graphical Interface.
[    3.205062] systemd[1]: Created slice Slice /system/modprobe.
[    3.205713] systemd[1]: Created slice Slice /system/postgresql.
[    3.206325] systemd[1]: Created slice Slice /system/serial-getty.
[    3.206672] systemd[1]: Created slice User and Session Slice.
[    3.206841] systemd[1]: Started Forward Password Requests to Wall Directory Watch.
[    3.207037] systemd[1]: Condition check resulted in Arbitrary Executable File Formats File System Automount Point being skipped.
[    3.207196] systemd[1]: Reached target Slice Units.
[    3.207261] systemd[1]: Reached target Mounting snaps.
[    3.207311] systemd[1]: Reached target Mounted snaps.
[    3.207371] systemd[1]: Reached target Swaps.
[    3.207437] systemd[1]: Reached target Local Verity Protected Volumes.
[    3.207609] systemd[1]: Listening on Device-mapper event daemon FIFOs.
[    3.208018] systemd[1]: Listening on LVM2 poll daemon socket.
[    3.208259] systemd[1]: Listening on multipathd control socket.
[    3.208506] systemd[1]: Listening on Syslog Socket.
[    3.208634] systemd[1]: Listening on initctl Compatibility Named Pipe.
[    3.215148] systemd[1]: Condition check resulted in Journal Audit Socket being skipped.
[    3.215338] systemd[1]: Listening on Journal Socket (/dev/log).
[    3.215602] systemd[1]: Listening on Journal Socket.
[    3.216794] systemd[1]: Listening on udev Control Socket.
[    3.217032] systemd[1]: Listening on udev Kernel Socket.
[    3.217276] systemd[1]: Condition check resulted in Huge Pages File System being skipped.
[    3.218356] systemd[1]: Mounting POSIX Message Queue File System...
[    3.219592] systemd[1]: Mounting Kernel Debug File System...
[    3.220802] systemd[1]: Mounting Kernel Trace File System...
[    3.221312] systemd[1]: systemd-journald.service: unit configures an IP firewall, but the local system does not support BPF/cgroup firewalling.
[    3.221321] systemd[1]: (This warning is only shown for the first unit using IP firewalling.)
[    3.222282] systemd[1]: Starting Journal Service...
[    3.224248] systemd[1]: Starting Restore / save the current clock...
[    3.225944] systemd[1]: Starting Set the console keyboard layout...
[    3.226087] systemd[1]: Condition check resulted in Create List of Static Device Nodes being skipped.
[    3.227411] systemd[1]: Starting Monitoring of LVM2 mirrors, snapshots etc. using dmeventd or progress polling...
[    3.227543] systemd[1]: Condition check resulted in LXD - agent being skipped.
[    3.228927] systemd[1]: Starting Load Kernel Module configfs...
[    3.230433] systemd[1]: Starting Load Kernel Module drm...
[    3.232089] systemd[1]: Starting Load Kernel Module efi_pstore...
[    3.233687] systemd[1]: Starting Load Kernel Module fuse...
[    3.235338] systemd[1]: Starting Enable Rockchip camera engine rkaiq...
[    3.238006] systemd[1]: Starting Load Kernel Modules...
[    3.239725] systemd[1]: Starting Remount Root and Kernel File Systems...
[    3.241358] systemd[1]: Starting Coldplug All udev Devices...
[    3.243680] systemd[1]: Mounted POSIX Message Queue File System.
[    3.243919] systemd[1]: Mounted Kernel Debug File System.
[    3.244090] systemd[1]: Mounted Kernel Trace File System.
[    3.244543] systemd[1]: Finished Restore / save the current clock.
[    3.249565] systemd[1]: modprobe@configfs.service: Deactivated successfully.
[    3.249878] systemd[1]: Finished Load Kernel Module configfs.
[    3.250365] systemd[1]: modprobe@drm.service: Deactivated successfully.
[    3.250635] systemd[1]: Finished Load Kernel Module drm.
[    3.251024] systemd[1]: modprobe@efi_pstore.service: Deactivated successfully.
[    3.251286] systemd[1]: Finished Load Kernel Module efi_pstore.
[    3.251659] systemd[1]: modprobe@fuse.service: Deactivated successfully.
[    3.251925] systemd[1]: Finished Load Kernel Module fuse.
[    3.252359] systemd[1]: Finished Load Kernel Modules.
[    3.252817] systemd[1]: Finished Remount Root and Kernel File Systems.
[    3.254251] systemd[1]: Mounting FUSE Control File System...
[    3.255645] systemd[1]: Mounting Kernel Configuration File System...
[    3.257190] systemd[1]: Starting Device-Mapper Multipath Device Controller...
[    3.257408] systemd[1]: Condition check resulted in Platform Persistent Storage Archival being skipped.
[    3.258758] systemd[1]: Starting Load/Save Random Seed...
[    3.260165] systemd[1]: Starting Apply Kernel Variables...
[    3.261695] systemd[1]: Starting Create System Users...
[    3.262985] systemd[1]: Mounted FUSE Control File System.
[    3.263233] systemd[1]: Mounted Kernel Configuration File System.
[    3.269251] systemd[1]: Started Enable Rockchip camera engine rkaiq.
[    3.296548] systemd[1]: Finished Load/Save Random Seed.
[    3.297201] systemd[1]: Finished Apply Kernel Variables.
[    3.297432] systemd[1]: Condition check resulted in First Boot Complete being skipped.
[    3.307808] systemd[1]: Finished Create System Users.
[    3.309481] systemd[1]: Starting Create Static Device Nodes in /dev...
[    3.338368] systemd[1]: Finished Create Static Device Nodes in /dev.
[    3.340128] systemd[1]: Starting Rule-based Manager for Device Events and Files...
[    3.349149] systemd[1]: rkaiq_3A.service: Deactivated successfully.
[    3.370169] systemd[1]: Finished Set the console keyboard layout.
[    3.384378] systemd[1]: multipathd.service: Main process exited, code=exited, status=1/FAILURE
[    3.384592] systemd[1]: multipathd.service: Failed with result 'exit-code'.
[    3.384929] systemd[1]: Failed to start Device-Mapper Multipath Device Controller.
[    3.390056] systemd[1]: Started Journal Service.
[    3.403862] systemd-journald[298]: Received client request to flush runtime journal.
[    3.903803] [BT_RFKILL]: rfkill_rk_set_power: set bt wake_host high!
[    3.956055] [BT_RFKILL]: rfkill_rk_set_power: set bt wake_host input!
[    3.956071] [BT_RFKILL]: ENABLE UART_RTS
[    4.062759] [BT_RFKILL]: DISABLE UART_RTS
[    4.062782] [BT_RFKILL]: bt turn on power
[    4.062790] [BT_RFKILL]: Request irq for bt wakeup host
[    4.062802] [BT_RFKILL]: ** disable irq
[    4.223654] ext4 filesystem being remounted at /run/systemd/unit-root/tmp supports timestamps until 2038 (0x7fffffff)
[    4.223781] ext4 filesystem being remounted at /run/systemd/unit-root/var/tmp supports timestamps until 2038 (0x7fffffff)
[    4.223941] ext4 filesystem being remounted at /run/systemd/unit-root/var/lib/systemd/timesync supports timestamps until 2038 (0x7fffffff)
[    4.240974] ext4 filesystem being remounted at /run/systemd/unit-root/tmp supports timestamps until 2038 (0x7fffffff)
[    4.241029] ext4 filesystem being remounted at /run/systemd/unit-root/var/tmp supports timestamps until 2038 (0x7fffffff)
[    4.251205] ext4 filesystem being remounted at /run/systemd/unit-root/tmp supports timestamps until 2038 (0x7fffffff)
[    4.253139] ext4 filesystem being remounted at /run/systemd/unit-root/var/lib/systemd/timesync supports timestamps until 2038 (0x7fffffff)
[    4.254108] ext4 filesystem being remounted at /run/systemd/unit-root/var/tmp supports timestamps until 2038 (0x7fffffff)
[    4.266494] ext4 filesystem being remounted at /run/systemd/unit-root/tmp supports timestamps until 2038 (0x7fffffff)
[    4.268272] ext4 filesystem being remounted at /run/systemd/unit-root/var/tmp supports timestamps until 2038 (0x7fffffff)
[    4.439865] file system registered
[    4.461372] read descriptors
[    4.461378] read strings
[    4.524309] ext4 filesystem being remounted at /run/systemd/unit-root/tmp supports timestamps until 2038 (0x7fffffff)
[    4.525518] ext4 filesystem being remounted at /run/systemd/unit-root/tmp supports timestamps until 2038 (0x7fffffff)
[    4.525647] ext4 filesystem being remounted at /run/systemd/unit-root/var/tmp supports timestamps until 2038 (0x7fffffff)
[    4.525844] ext4 filesystem being remounted at /run/systemd/unit-root/etc supports timestamps until 2038 (0x7fffffff)
[    4.525860] ext4 filesystem being remounted at /run/systemd/unit-root/var/lib/systemd/linger supports timestamps until 2038 (0x7fffffff)
[    4.526574] ext4 filesystem being remounted at /run/systemd/unit-root/var/tmp supports timestamps until 2038 (0x7fffffff)
[    4.526669] xhci-hcd xhci-hcd.14.auto: xHCI Host Controller
[    4.526853] xhci-hcd xhci-hcd.14.auto: new USB bus registered, assigned bus number 9
[    4.527225] xhci-hcd xhci-hcd.14.auto: hcc params 0x0220fe64 hci version 0x110 quirks 0x0000802002010010
[    4.527273] xhci-hcd xhci-hcd.14.auto: irq 129, io mem 0xfc000000
[    4.527430] xhci-hcd xhci-hcd.14.auto: xHCI Host Controller
[    4.527579] xhci-hcd xhci-hcd.14.auto: new USB bus registered, assigned bus number 10
[    4.527593] xhci-hcd xhci-hcd.14.auto: Host supports USB 3.0 SuperSpeed
[    4.527741] usb usb9: New USB device found, idVendor=1d6b, idProduct=0002, bcdDevice= 5.10
[    4.527748] usb usb9: New USB device strings: Mfr=3, Product=2, SerialNumber=1
[    4.527753] usb usb9: Product: xHCI Host Controller
[    4.527758] usb usb9: Manufacturer: Linux 5.10.198 xhci-hcd
[    4.527763] usb usb9: SerialNumber: xhci-hcd.14.auto
[    4.528230] hub 9-0:1.0: USB hub found
[    4.528264] hub 9-0:1.0: 1 port detected
[    4.528910] usb usb10: We don't know the algorithms for LPM for this host, disabling LPM.
[    4.529013] usb usb10: New USB device found, idVendor=1d6b, idProduct=0003, bcdDevice= 5.10
[    4.529020] usb usb10: New USB device strings: Mfr=3, Product=2, SerialNumber=1
[    4.529025] usb usb10: Product: xHCI Host Controller
[    4.529030] usb usb10: Manufacturer: Linux 5.10.198 xhci-hcd
[    4.529035] usb usb10: SerialNumber: xhci-hcd.14.auto
[    4.529616] ext4 filesystem being remounted at /run/systemd/unit-root/etc supports timestamps until 2038 (0x7fffffff)
[    4.529825] hub 10-0:1.0: USB hub found
[    4.529864] hub 10-0:1.0: 1 port detected
[    4.550429] rk_hdmirx fdee0000.hdmirx-controller: hdmirx_cancel_cpu_limit_freq freq qos nod add
[    4.553428] ext4 filesystem being remounted at /run/systemd/unit-root/tmp supports timestamps until 2038 (0x7fffffff)
[    4.555544] ext4 filesystem being remounted at /run/systemd/unit-root/var/lib/systemd/linger supports timestamps until 2038 (0x7fffffff)
[    4.556635] ext4 filesystem being remounted at /run/systemd/unit-root/var/tmp supports timestamps until 2038 (0x7fffffff)
[    4.769902] ext4 filesystem being remounted at /run/systemd/unit-root/tmp supports timestamps until 2038 (0x7fffffff)
[    4.771648] ext4 filesystem being remounted at /run/systemd/unit-root/var/tmp supports timestamps until 2038 (0x7fffffff)
[    4.909275] ext4 filesystem being remounted at /run/systemd/unit-root/etc supports timestamps until 2038 (0x7fffffff)
[    4.909352] ext4 filesystem being remounted at /run/systemd/unit-root/tmp supports timestamps until 2038 (0x7fffffff)
[    4.909639] ext4 filesystem being remounted at /run/systemd/unit-root/var/tmp supports timestamps until 2038 (0x7fffffff)
[    4.912263] ext4 filesystem being remounted at /run/systemd/unit-root/etc supports timestamps until 2038 (0x7fffffff)
[    4.938432] ext4 filesystem being remounted at /run/systemd/unit-root/tmp supports timestamps until 2038 (0x7fffffff)
[    4.940425] ext4 filesystem being remounted at /run/systemd/unit-root/var/tmp supports timestamps until 2038 (0x7fffffff)
[    5.038233] EXT4-fs (mmcblk0p8): resizing filesystem from 10196870 to 58605536 blocks
[    5.179353] rk_gmac-dwmac fe1b0000.ethernet eth0: PHY [stmmac-0:01] driver [RTL8211F Gigabit Ethernet] (irq=POLL)
[    5.181966] dwmac4: Master AXI performs any burst length
[    5.181998] rk_gmac-dwmac fe1b0000.ethernet eth0: No Safety Features support found
[    5.182017] rk_gmac-dwmac fe1b0000.ethernet eth0: IEEE 1588-2008 Advanced Timestamp supported
[    5.182236] rk_gmac-dwmac fe1b0000.ethernet eth0: registered PTP clock
[    5.182764] rk_gmac-dwmac fe1b0000.ethernet eth0: configuring for phy/rgmii-rxid link mode
[    5.225607] eth1: 0xffffffc00b07b000, 96:eb:88:67:4d:92, IRQ 142
[    5.486184] ext4 filesystem being remounted at /run/systemd/unit-root/tmp supports timestamps until 2038 (0x7fffffff)
[    5.486274] ext4 filesystem being remounted at /run/systemd/unit-root/etc supports timestamps until 2038 (0x7fffffff)
[    5.486394] ext4 filesystem being remounted at /run/systemd/unit-root/var/tmp supports timestamps until 2038 (0x7fffffff)
[    5.489671] ext4 filesystem being remounted at /run/systemd/unit-root/etc supports timestamps until 2038 (0x7fffffff)
[    5.514922] ext4 filesystem being remounted at /run/systemd/unit-root/tmp supports timestamps until 2038 (0x7fffffff)
[    5.516929] ext4 filesystem being remounted at /run/systemd/unit-root/var/tmp supports timestamps until 2038 (0x7fffffff)
[    6.816741] EXT4-fs (mmcblk0p8): resizing filesystem from 43778049 to 58605536 blocks
[    6.816754] EXT4-fs (mmcblk0p8): Converting file system to meta_bg
[    6.816824] EXT4-fs (mmcblk0p8): resizing filesystem from 43778049 to 58605536 blocks
[    7.571691] EXT4-fs (mmcblk0p8): resized filesystem to 58605536
[    8.335694] r8168: eth1: link up
[    8.335754] IPv6: ADDRCONF(NETDEV_CHANGE): eth1: link becomes ready
[   11.263694] [dhd] _dhd_module_init: in Dongle Host Driver, version 101.10.361.20 (wlan=r892223-20220701-3)
               drivers/net/wireless/rockchip_wlan/rkwifi/bcmdhd compiled on Dec 26 2024 at 14:27:30

[   11.263709] [dhd] ANDROID_VERSION = 12
[   11.263712] [dhd] ======== dhd_wlan_init_plat_data ========
[   11.263714] [WLAN_RFKILL]: rockchip_wifi_get_oob_irq: Enter
[   11.263742] [dhd] susan***dhd_wlan_init_gpio: WL_HOST_WAKE=-1, oob_irq=157, oob_irq_flags=0x4,this irq gpio=-1
[   11.263743] [dhd] dhd_wlan_init_gpio: WL_REG_ON=-1
[   11.263745] [dhd] dhd_wifi_platform_load: Enter
[   11.263791] [dhd] No Broadcom PCI device enumerated!
[   11.263808] [dhd] dhd_wifi_platform_load_pcie: pcie_register_driver failed
[   11.263811] [dhd] unregister wifi platform drivers
[   11.263812] [dhd] wifi_platform_bus_enumerate device present 0
[   11.263813] [dhd] ======== Card detection to remove PCIE card! ========
[   11.263815] [dhd] ======== dhd_wlan_deinit_plat_data ========
[   11.263817] [dhd] dhd_wlan_deinit_gpio: gpio_free(WL_HOST_WAKE 0)
[   11.263823] [dhd] _dhd_module_init: Failed to load the driver, try cnt 0
[   11.263835] [dhd] _dhd_module_init: Failed to load driver max retry reached**
[   11.263836] [dhd] _dhd_module_init: Exit err=-1
[   12.277238] ttyFIQ ttyFIQ0: tty_port_close_start: tty->count = 1 port count = 2
[   12.318116] of_dma_request_slave_channel: dma-names property of node '/serial@febb0000' missing or empty
[   12.318155] dw-apb-uart febb0000.serial: failed to request DMA, use interrupt mode
[   13.173991] rk_hdmirx fdee0000.hdmirx-controller: hdmirx_audio_startup: device is no connected or audio is off
[   13.174009] hdmi-audio-codec hdmi-audio-codec.6.auto: ASoC: error at snd_soc_dai_startup on i2s-hifi: -19
[   13.185409] rk_hdmirx fdee0000.hdmirx-controller: hdmirx_audio_startup: device is no connected or audio is off
[   13.185425] hdmi-audio-codec hdmi-audio-codec.6.auto: ASoC: error at snd_soc_dai_startup on i2s-hifi: -19
[   13.196820] rk_hdmirx fdee0000.hdmirx-controller: hdmirx_audio_startup: device is no connected or audio is off
[   13.196834] hdmi-audio-codec hdmi-audio-codec.6.auto: ASoC: error at snd_soc_dai_startup on i2s-hifi: -19
[   13.580604] ext4 filesystem being remounted at /run/systemd/unit-root/tmp supports timestamps until 2038 (0x7fffffff)
[   13.582888] ext4 filesystem being remounted at /run/systemd/unit-root/var/lib/bluetooth supports timestamps until 2038 (0x7fffffff)
[   13.584015] ext4 filesystem being remounted at /run/systemd/unit-root/var/tmp supports timestamps until 2038 (0x7fffffff)
[   13.649472] mali fb000000.gpu: Loading Mali firmware 0x1010000
[   13.652261] mali fb000000.gpu: Mali firmware git_sha: ee476db42870778306fa8d559a605a73f13e455c 
[   13.745935] dwhdmi-rockchip fdea0000.hdmi: i2c read err!
[   13.746414] dwhdmi-rockchip fdea0000.hdmi: i2c read err!
[   13.746807] dwhdmi-rockchip fdea0000.hdmi: i2c read err!
[   13.747141] dwhdmi-rockchip fdea0000.hdmi: i2c read err!
[   13.747471] dwhdmi-rockchip fdea0000.hdmi: i2c read err!
[   13.747806] dwhdmi-rockchip fdea0000.hdmi: i2c read err!
[   13.747819] dwhdmi-rockchip fdea0000.hdmi: get hdcp2.x capable failed:-5
[   13.747833] dwhdmi-rockchip fdea0000.hdmi: failed to get edid
[   13.751284] dwhdmi-rockchip fdea0000.hdmi: i2c read err!
[   13.751628] dwhdmi-rockchip fdea0000.hdmi: i2c read err!
[   13.751905] dwhdmi-rockchip fdea0000.hdmi: i2c read err!
[   13.752127] dwhdmi-rockchip fdea0000.hdmi: i2c read err!
[   13.752348] dwhdmi-rockchip fdea0000.hdmi: i2c read err!
[   13.752573] dwhdmi-rockchip fdea0000.hdmi: i2c read err!
[   13.752586] dwhdmi-rockchip fdea0000.hdmi: get hdcp2.x capable failed:-5
[   13.752598] dwhdmi-rockchip fdea0000.hdmi: failed to get edid
[   13.876606] dwhdmi-rockchip fdea0000.hdmi: use tmds mode
[   13.882005] dwhdmi-rockchip fdea0000.hdmi: use tmds mode
[   13.898653] dwhdmi-rockchip fdea0000.hdmi: use tmds mode
[   13.915313] dwhdmi-rockchip fdea0000.hdmi: use tmds mode
[   13.931980] dwhdmi-rockchip fdea0000.hdmi: use tmds mode
[   13.948646] dwhdmi-rockchip fdea0000.hdmi: use tmds mode
[   13.965316] dwhdmi-rockchip fdea0000.hdmi: use tmds mode
[   13.981981] dwhdmi-rockchip fdea0000.hdmi: use tmds mode
[   13.998650] dwhdmi-rockchip fdea0000.hdmi: use tmds mode
[   14.015317] dwhdmi-rockchip fdea0000.hdmi: use tmds mode
[   14.031983] dwhdmi-rockchip fdea0000.hdmi: use tmds mode
[   14.048648] dwhdmi-rockchip fdea0000.hdmi: use tmds mode
[   14.065315] dwhdmi-rockchip fdea0000.hdmi: use tmds mode
[   14.081980] dwhdmi-rockchip fdea0000.hdmi: use tmds mode
[   14.098648] dwhdmi-rockchip fdea0000.hdmi: use tmds mode
[   14.115313] dwhdmi-rockchip fdea0000.hdmi: use tmds mode
[   14.131982] dwhdmi-rockchip fdea0000.hdmi: use tmds mode
[   14.437418] dwhdmi-rockchip fdea0000.hdmi: use tmds mode
[   14.465459] dwhdmi-rockchip fdea0000.hdmi: use tmds mode
[   14.481983] dwhdmi-rockchip fdea0000.hdmi: use tmds mode
[   14.498721] rockchip-vop2 fdd90000.vop: [drm:vop2_crtc_atomic_enable] Update mode to 800x1280p60, type: 16(if:20, flag:0x0) for vp2 dclk: 72763000
[   14.498755] rockchip-vop2 fdd90000.vop: [drm:vop2_crtc_atomic_enable] dclk_out2 div: 2 dclk_core2 div: 2
[   14.498926] rockchip-vop2 fdd90000.vop: [drm:vop2_crtc_atomic_enable] set dclk_vop2 to 72763000, get 72762992
[   14.533087] dw-mipi-dsi2 fde20000.dsi: [drm:dw_mipi_dsi2_encoder_atomic_enable] final DSI-Link bandwidth: 499999 x 4 Kbps
[   15.496238] Freeing drm_logo memory: 736K
[   16.178017] dwhdmi-rockchip fdea0000.hdmi: i2c read err!
[   16.178252] dwhdmi-rockchip fdea0000.hdmi: i2c read err!
[   16.178473] dwhdmi-rockchip fdea0000.hdmi: i2c read err!
[   16.178693] dwhdmi-rockchip fdea0000.hdmi: i2c read err!
[   16.178912] dwhdmi-rockchip fdea0000.hdmi: i2c read err!
[   16.179136] dwhdmi-rockchip fdea0000.hdmi: i2c read err!
[   16.179153] dwhdmi-rockchip fdea0000.hdmi: get hdcp2.x capable failed:-5
[   16.179166] dwhdmi-rockchip fdea0000.hdmi: failed to get edid
[   16.448682] dwhdmi-rockchip fdea0000.hdmi: use tmds mode
[   16.465322] dwhdmi-rockchip fdea0000.hdmi: use tmds mode
[   18.145431] ext4 filesystem being remounted at /run/systemd/unit-root/var/tmp supports timestamps until 2038 (0x7fffffff)
[   18.145458] ext4 filesystem being remounted at /run/systemd/unit-root/var/lib/upower supports timestamps until 2038 (0x7fffffff)
[   18.145471] ext4 filesystem being remounted at /run/systemd/unit-root/tmp supports timestamps until 2038 (0x7fffffff)
[   18.155912] ext4 filesystem being remounted at /run/systemd/unit-root/tmp supports timestamps until 2038 (0x7fffffff)
[   18.157707] ext4 filesystem being remounted at /run/systemd/unit-root/var/lib/upower supports timestamps until 2038 (0x7fffffff)
[   18.158596] ext4 filesystem being remounted at /run/systemd/unit-root/var/tmp supports timestamps until 2038 (0x7fffffff)
[   18.277936] ext4 filesystem being remounted at /run/systemd/unit-root/var/tmp supports timestamps until 2038 (0x7fffffff)
[   18.278036] ext4 filesystem being remounted at /run/systemd/unit-root/tmp supports timestamps until 2038 (0x7fffffff)
[   18.303013] ext4 filesystem being remounted at /run/systemd/unit-root/tmp supports timestamps until 2038 (0x7fffffff)
[   18.304937] ext4 filesystem being remounted at /run/systemd/unit-root/var/tmp supports timestamps until 2038 (0x7fffffff)
[   19.184030] dwhdmi-rockchip fdea0000.hdmi: i2c read err!
[   19.184251] dwhdmi-rockchip fdea0000.hdmi: i2c read err!
[   19.184363] dwhdmi-rockchip fdea0000.hdmi: i2c read err!
[   19.184473] dwhdmi-rockchip fdea0000.hdmi: i2c read err!
[   19.286149] dwhdmi-rockchip fdea0000.hdmi: i2c read time out!
[   19.286556] dwhdmi-rockchip fdea0000.hdmi: i2c read err!
[   19.286573] dwhdmi-rockchip fdea0000.hdmi: get hdcp2.x capable failed:-5
[   19.286588] dwhdmi-rockchip fdea0000.hdmi: failed to get edid
[   19.949196] ext4 filesystem being remounted at /run/systemd/unit-root/tmp supports timestamps until 2038 (0x7fffffff)
[   19.949757] ext4 filesystem being remounted at /run/systemd/unit-root/etc supports timestamps until 2038 (0x7fffffff)
[   19.949804] ext4 filesystem being remounted at /run/systemd/unit-root/usr/lib/locale supports timestamps until 2038 (0x7fffffff)
[   19.950158] ext4 filesystem being remounted at /run/systemd/unit-root/var/tmp supports timestamps until 2038 (0x7fffffff)
[   19.961001] ext4 filesystem being remounted at /run/systemd/unit-root/etc supports timestamps until 2038 (0x7fffffff)
[   20.040154] ext4 filesystem being remounted at /run/systemd/unit-root/tmp supports timestamps until 2038 (0x7fffffff)
[   20.041237] ext4 filesystem being remounted at /run/systemd/unit-root/usr/lib/locale supports timestamps until 2038 (0x7fffffff)
[   20.043434] ext4 filesystem being remounted at /run/systemd/unit-root/var/tmp supports timestamps until 2038 (0x7fffffff)
[   20.903181] dwhdmi-rockchip fdea0000.hdmi: use tmds mode
[   69.375609] ext4 filesystem being remounted at /run/systemd/unit-root/var/tmp supports timestamps until 2038 (0x7fffffff)
[   69.375702] ext4 filesystem being remounted at /run/systemd/unit-root/etc supports timestamps until 2038 (0x7fffffff)
[   69.375753] ext4 filesystem being remounted at /run/systemd/unit-root/tmp supports timestamps until 2038 (0x7fffffff)
[   69.379232] ext4 filesystem being remounted at /run/systemd/unit-root/etc supports timestamps until 2038 (0x7fffffff)
[   69.406331] ext4 filesystem being remounted at /run/systemd/unit-root/tmp supports timestamps until 2038 (0x7fffffff)
[   69.408478] ext4 filesystem being remounted at /run/systemd/unit-root/var/tmp supports timestamps until 2038 (0x7fffffff)
[   86.414925] dwhdmi-rockchip fdea0000.hdmi: use tmds mode
[   86.415251] dwhdmi-rockchip fdea0000.hdmi: use tmds mode
[   86.432083] dwhdmi-rockchip fdea0000.hdmi: use tmds mode
[   86.517537] dwhdmi-rockchip fdea0000.hdmi: use tmds mode
[   86.531987] dwhdmi-rockchip fdea0000.hdmi: use tmds mode
[   86.615395] dwhdmi-rockchip fdea0000.hdmi: use tmds mode
[   86.665988] rockchip-vop2 fdd90000.vop: [drm:vop2_crtc_atomic_disable] Crtc atomic disable vp1
[   86.698676] rockchip-vop2 fdd90000.vop: [drm:vop2_crtc_atomic_enable] Update mode to 3840x2160p60, type: 11(if:1000, flag:0x0) for vp1 dclk: 594000000
[   86.698712] rockchip-vop2 fdd90000.vop: [drm:vop2_crtc_atomic_enable] dclk_out1 div: 0 dclk_core1 div: 2
[   86.698725] rockchip-vop2 fdd90000.vop: [drm:vop2_crtc_atomic_enable] set dclk_vop1 to 594000000, get 594000000
[   86.715451] rockchip-hdptx-phy-hdmi fed70000.hdmiphy: hdptx_ropll_cmn_config bus_width:5aa320 rate:5940000
[   86.715723] rockchip-hdptx-phy-hdmi fed70000.hdmiphy: hdptx phy pll locked!
[   86.715735] dwhdmi-rockchip fdea0000.hdmi: final tmdsclk = 594000000
[   86.826395] dwhdmi-rockchip fdea0000.hdmi: don't use dsc mode
[   86.826401] dwhdmi-rockchip fdea0000.hdmi: dw hdmi qp use tmds mode
[   86.826408] rockchip-hdptx-phy-hdmi fed70000.hdmiphy: bus_width:0x5aa320,bit_rate:5940000
[   86.826602] rockchip-hdptx-phy-hdmi fed70000.hdmiphy: hdptx phy lane locked!
[   86.832292] dwhdmi-rockchip fdea0000.hdmi: use tmds mode
[  223.017172] dwhdmi-rockchip fdea0000.hdmi: use tmds mode
[  247.481349] ext4 filesystem being remounted at /run/systemd/unit-root/etc supports timestamps until 2038 (0x7fffffff)
[  247.481632] ext4 filesystem being remounted at /run/systemd/unit-root/var/tmp supports timestamps until 2038 (0x7fffffff)
[  247.481646] ext4 filesystem being remounted at /run/systemd/unit-root/tmp supports timestamps until 2038 (0x7fffffff)
[  247.484610] ext4 filesystem being remounted at /run/systemd/unit-root/etc supports timestamps until 2038 (0x7fffffff)
[  247.513007] ext4 filesystem being remounted at /run/systemd/unit-root/tmp supports timestamps until 2038 (0x7fffffff)
[  247.515124] ext4 filesystem being remounted at /run/systemd/unit-root/var/tmp supports timestamps until 2038 (0x7fffffff)
[  266.426059] ext4 filesystem being remounted at /run/systemd/unit-root/tmp supports timestamps until 2038 (0x7fffffff)
[  266.426159] ext4 filesystem being remounted at /run/systemd/unit-root/var/tmp supports timestamps until 2038 (0x7fffffff)
[  266.426233] ext4 filesystem being remounted at /run/systemd/unit-root/var/lib/fprint supports timestamps until 2038 (0x7fffffff)
[  266.457504] ext4 filesystem being remounted at /run/systemd/unit-root/tmp supports timestamps until 2038 (0x7fffffff)
[  266.459681] ext4 filesystem being remounted at /run/systemd/unit-root/var/lib/fprint supports timestamps until 2038 (0x7fffffff)
[  266.460758] ext4 filesystem being remounted at /run/systemd/unit-root/var/tmp supports timestamps until 2038 (0x7fffffff)
